Variable_Register (ptr): 0x805b7a0
	count: 5
	_size: 8
	_delta: 8
	_variable (ptr): 0x805bf48
Stg_Component (ptr): 0x805bf78
Stg_Object (ptr): 0x805bf78
	Stg_Class (ptr): 0x805bf78
		sizeOfSelf: 152
		_deleteSelf: Yes
		type: Variable
		_delete (func ptr): 0xb7fb44a0
		_print (func ptr): 0xb7fb4538
		_copy (func ptr): 0xb7fb4921
	name: Scalar
	nameAllocationType: NON_GLOBAL
	_defaultConstructor (func ptr): 0xb7fb3986
	_construct (func ptr): 0xb7fb55c2
	_build (func ptr): 0xb7fb50a2
	_initialise (func ptr): 0xb7fb55b8
	_execute (func ptr): 0xb7fb55bd
	_destroy (func ptr): 0xb7fb5b1a
	isConstructed: True
	isBuilt: True
	isInitialised: False
	hasExecuted: False
	isDestroyed: False
	constructor function name: Scalar-Construct
	build function name: Scalar-Build
	initialise function name: Scalar-Initialise
	execute function name: Scalar-Execute
	destroy function name: Scalar-Destroy
Variable (ptr): (0x805bf78)
	offsetCount: 1
	offsets (ptr): 0x805bcd0
		offsets[0]: 0
	dataTypes (ptr): 0x805bc48
		dataTypes[0]: 5
	dataTypeCounts (ptr): 0x805c430
		dataTypeCounts[0]: 1
	dataSizes (ptr): 0x805d128
		dataSizes[0]: 8
	components (ptr): 0x805c440
		components[0] (ptr): (nil)
	structSize: 8
	structSizePtr (ptr): (nil)
	arrayPtr (ptr): 0x805bde8
	arrayPtrPtr (ptr): 0xbfcdcdec
	arraySize: 10
	arraySizePtr (ptr): 0xbfcdcde4
	allocateSelf = False
Stg_Component (ptr): 0x805c450
Stg_Object (ptr): 0x805c450
	Stg_Class (ptr): 0x805c450
		sizeOfSelf: 152
		_deleteSelf: Yes
		type: Variable
		_delete (func ptr): 0xb7fb44a0
		_print (func ptr): 0xb7fb4538
		_copy (func ptr): 0xb7fb4921
	name: Three
	nameAllocationType: NON_GLOBAL
	_defaultConstructor (func ptr): 0xb7fb3986
	_construct (func ptr): 0xb7fb55c2
	_build (func ptr): 0xb7fb50a2
	_initialise (func ptr): 0xb7fb55b8
	_execute (func ptr): 0xb7fb55bd
	_destroy (func ptr): 0xb7fb5b1a
	isConstructed: True
	isBuilt: True
	isInitialised: False
	hasExecuted: False
	isDestroyed: False
	constructor function name: Three-Construct
	build function name: Three-Build
	initialise function name: Three-Initialise
	execute function name: Three-Execute
	destroy function name: Three-Destroy
Variable (ptr): (0x805c450)
	offsetCount: 1
	offsets (ptr): 0x805c740
		offsets[0]: 0
	dataTypes (ptr): 0x805c750
		dataTypes[0]: 5
	dataTypeCounts (ptr): 0x805c760
		dataTypeCounts[0]: 3
	dataSizes (ptr): 0x805d138
		dataSizes[0]: 24
	components (ptr): 0x805c770
		components[0] (ptr): 0x805c788
		components[0]: a
	structSize: 24
	structSizePtr (ptr): (nil)
	arrayPtr (ptr): 0x805be48
	arrayPtrPtr (ptr): 0xbfcdcde8
	arraySize: 10
	arraySizePtr (ptr): 0xbfcdcde4
	allocateSelf = False
Stg_Component (ptr): 0x805c788
Stg_Object (ptr): 0x805c788
	Stg_Class (ptr): 0x805c788
		sizeOfSelf: 152
		_deleteSelf: Yes
		type: Variable
		_delete (func ptr): 0xb7fb44a0
		_print (func ptr): 0xb7fb4538
		_copy (func ptr): 0xb7fb4921
	name: a
	nameAllocationType: NON_GLOBAL
	_defaultConstructor (func ptr): 0xb7fb3986
	_construct (func ptr): 0xb7fb55c2
	_build (func ptr): 0xb7fb50a2
	_initialise (func ptr): 0xb7fb55b8
	_execute (func ptr): 0xb7fb55bd
	_destroy (func ptr): 0xb7fb5b1a
	isConstructed: True
	isBuilt: True
	isInitialised: False
	hasExecuted: False
	isDestroyed: False
	constructor function name: a-Construct
	build function name: a-Build
	initialise function name: a-Initialise
	execute function name: a-Execute
	destroy function name: a-Destroy
Variable (ptr): (0x805c788)
	offsetCount: 1
	offsets (ptr): 0x805ca70
		offsets[0]: 0
	dataTypes (ptr): 0x805ca80
		dataTypes[0]: 5
	dataTypeCounts (ptr): 0x805ca90
		dataTypeCounts[0]: 1
	dataSizes (ptr): 0x805d148
		dataSizes[0]: 8
	components (ptr): 0x805caa0
		components[0] (ptr): (nil)
	structSize: 24
	structSizePtr (ptr): (nil)
	arrayPtr (ptr): 0x805be48
	arrayPtrPtr (ptr): 0xbfcdcde8
	arraySize: 10
	arraySizePtr (ptr): 0xbfcdcde4
	allocateSelf = False
Stg_Component (ptr): 0x805cab0
Stg_Object (ptr): 0x805cab0
	Stg_Class (ptr): 0x805cab0
		sizeOfSelf: 152
		_deleteSelf: Yes
		type: Variable
		_delete (func ptr): 0xb7fb44a0
		_print (func ptr): 0xb7fb4538
		_copy (func ptr): 0xb7fb4921
	name: b
	nameAllocationType: NON_GLOBAL
	_defaultConstructor (func ptr): 0xb7fb3986
	_construct (func ptr): 0xb7fb55c2
	_build (func ptr): 0xb7fb50a2
	_initialise (func ptr): 0xb7fb55b8
	_execute (func ptr): 0xb7fb55bd
	_destroy (func ptr): 0xb7fb5b1a
	isConstructed: True
	isBuilt: True
	isInitialised: False
	hasExecuted: False
	isDestroyed: False
	constructor function name: b-Construct
	build function name: b-Build
	initialise function name: b-Initialise
	execute function name: b-Execute
	destroy function name: b-Destroy
Variable (ptr): (0x805cab0)
	offsetCount: 1
	offsets (ptr): 0x805cd98
		offsets[0]: 8
	dataTypes (ptr): 0x805cda8
		dataTypes[0]: 5
	dataTypeCounts (ptr): 0x805cdb8
		dataTypeCounts[0]: 1
	dataSizes (ptr): 0x805d158
		dataSizes[0]: 8
	components (ptr): 0x805cdc8
		components[0] (ptr): (nil)
	structSize: 24
	structSizePtr (ptr): (nil)
	arrayPtr (ptr): 0x805be48
	arrayPtrPtr (ptr): 0xbfcdcde8
	arraySize: 10
	arraySizePtr (ptr): 0xbfcdcde4
	allocateSelf = False
Stg_Component (ptr): 0x805cdd8
Stg_Object (ptr): 0x805cdd8
	Stg_Class (ptr): 0x805cdd8
		sizeOfSelf: 152
		_deleteSelf: Yes
		type: Variable
		_delete (func ptr): 0xb7fb44a0
		_print (func ptr): 0xb7fb4538
		_copy (func ptr): 0xb7fb4921
	name: c
	nameAllocationType: NON_GLOBAL
	_defaultConstructor (func ptr): 0xb7fb3986
	_construct (func ptr): 0xb7fb55c2
	_build (func ptr): 0xb7fb50a2
	_initialise (func ptr): 0xb7fb55b8
	_execute (func ptr): 0xb7fb55bd
	_destroy (func ptr): 0xb7fb5b1a
	isConstructed: True
	isBuilt: True
	isInitialised: False
	hasExecuted: False
	isDestroyed: False
	constructor function name: c-Construct
	build function name: c-Build
	initialise function name: c-Initialise
	execute function name: c-Execute
	destroy function name: c-Destroy
Variable (ptr): (0x805cdd8)
	offsetCount: 1
	offsets (ptr): 0x805d0c0
		offsets[0]: 16
	dataTypes (ptr): 0x805d0d0
		dataTypes[0]: 5
	dataTypeCounts (ptr): 0x805d0e0
		dataTypeCounts[0]: 1
	dataSizes (ptr): 0x805d168
		dataSizes[0]: 8
	components (ptr): 0x805d0f0
		components[0] (ptr): (nil)
	structSize: 24
	structSizePtr (ptr): (nil)
	arrayPtr (ptr): 0x805be48
	arrayPtrPtr (ptr): 0xbfcdcde8
	arraySize: 10
	arraySizePtr (ptr): 0xbfcdcde4
	allocateSelf = False
Stg_Class (ptr): 0x805b7a0
	sizeOfSelf: 40
	_deleteSelf: Yes
	type: Variable_Register
	_delete (func ptr): 0xb7fb6561
	_print (func ptr): 0xb7fb65a1
	_copy (func ptr): 0xb7fb66ca
Setting value 123456789.000000
~~~Scalar~~~
i=0: 1 1 1 1 1 
i=1: 1 1 1 1 1 
i=2: 1 1 1 1 1 
i=3: 1 1 1 1 1 
i=4: 1 1 1 1 1 
i=5: 1 1 1 1 1 
i=6: 1 1 1 1 1 
i=7: 1 1 1 1 1 
i=8: 1 1 1 1 1 
i=9: 1 1 1 1 1 
~~~Vector~~~
a, i=0: 1 1 1 1 1 ptr test OK
b, i=0: 1 1 1 1 1 ptr test OK
c, i=0: 1 1 1 1 1 ptr test OK
a, i=1: 1 1 1 1 1 ptr test OK
b, i=1: 1 1 1 1 1 ptr test OK
c, i=1: 1 1 1 1 1 ptr test OK
a, i=2: 1 1 1 1 1 ptr test OK
b, i=2: 1 1 1 1 1 ptr test OK
c, i=2: 1 1 1 1 1 ptr test OK
a, i=3: 1 1 1 1 1 ptr test OK
b, i=3: 1 1 1 1 1 ptr test OK
c, i=3: 1 1 1 1 1 ptr test OK
a, i=4: 1 1 1 1 1 ptr test OK
b, i=4: 1 1 1 1 1 ptr test OK
c, i=4: 1 1 1 1 1 ptr test OK
a, i=5: 1 1 1 1 1 ptr test OK
b, i=5: 1 1 1 1 1 ptr test OK
c, i=5: 1 1 1 1 1 ptr test OK
a, i=6: 1 1 1 1 1 ptr test OK
b, i=6: 1 1 1 1 1 ptr test OK
c, i=6: 1 1 1 1 1 ptr test OK
a, i=7: 1 1 1 1 1 ptr test OK
b, i=7: 1 1 1 1 1 ptr test OK
c, i=7: 1 1 1 1 1 ptr test OK
a, i=8: 1 1 1 1 1 ptr test OK
b, i=8: 1 1 1 1 1 ptr test OK
c, i=8: 1 1 1 1 1 ptr test OK
a, i=9: 1 1 1 1 1 ptr test OK
b, i=9: 1 1 1 1 1 ptr test OK
c, i=9: 1 1 1 1 1 ptr test OK
~~~Vector: Sub-Variable~~~
j=0, i=0: OK
j=1, i=0: OK
j=2, i=0: OK
j=0, i=1: OK
j=1, i=1: OK
j=2, i=1: OK
j=0, i=2: OK
j=1, i=2: OK
j=2, i=2: OK
j=0, i=3: OK
j=1, i=3: OK
j=2, i=3: OK
j=0, i=4: OK
j=1, i=4: OK
j=2, i=4: OK
j=0, i=5: OK
j=1, i=5: OK
j=2, i=5: OK
j=0, i=6: OK
j=1, i=6: OK
j=2, i=6: OK
j=0, i=7: OK
j=1, i=7: OK
j=2, i=7: OK
j=0, i=8: OK
j=1, i=8: OK
j=2, i=8: OK
j=0, i=9: OK
j=1, i=9: OK
j=2, i=9: OK
Setting value 0.987654
~~~Scalar~~~
i=0: 1 1 1 1 1 
i=1: 1 1 1 1 1 
i=2: 1 1 1 1 1 
i=3: 1 1 1 1 1 
i=4: 1 1 1 1 1 
i=5: 1 1 1 1 1 
i=6: 1 1 1 1 1 
i=7: 1 1 1 1 1 
i=8: 1 1 1 1 1 
i=9: 1 1 1 1 1 
~~~Vector~~~
a, i=0: 1 1 1 1 1 ptr test OK
b, i=0: 1 1 1 1 1 ptr test OK
c, i=0: 1 1 1 1 1 ptr test OK
a, i=1: 1 1 1 1 1 ptr test OK
b, i=1: 1 1 1 1 1 ptr test OK
c, i=1: 1 1 1 1 1 ptr test OK
a, i=2: 1 1 1 1 1 ptr test OK
b, i=2: 1 1 1 1 1 ptr test OK
c, i=2: 1 1 1 1 1 ptr test OK
a, i=3: 1 1 1 1 1 ptr test OK
b, i=3: 1 1 1 1 1 ptr test OK
c, i=3: 1 1 1 1 1 ptr test OK
a, i=4: 1 1 1 1 1 ptr test OK
b, i=4: 1 1 1 1 1 ptr test OK
c, i=4: 1 1 1 1 1 ptr test OK
a, i=5: 1 1 1 1 1 ptr test OK
b, i=5: 1 1 1 1 1 ptr test OK
c, i=5: 1 1 1 1 1 ptr test OK
a, i=6: 1 1 1 1 1 ptr test OK
b, i=6: 1 1 1 1 1 ptr test OK
c, i=6: 1 1 1 1 1 ptr test OK
a, i=7: 1 1 1 1 1 ptr test OK
b, i=7: 1 1 1 1 1 ptr test OK
c, i=7: 1 1 1 1 1 ptr test OK
a, i=8: 1 1 1 1 1 ptr test OK
b, i=8: 1 1 1 1 1 ptr test OK
c, i=8: 1 1 1 1 1 ptr test OK
a, i=9: 1 1 1 1 1 ptr test OK
b, i=9: 1 1 1 1 1 ptr test OK
c, i=9: 1 1 1 1 1 ptr test OK
~~~Vector: Sub-Variable~~~
j=0, i=0: OK
j=1, i=0: OK
j=2, i=0: OK
j=0, i=1: OK
j=1, i=1: OK
j=2, i=1: OK
j=0, i=2: OK
j=1, i=2: OK
j=2, i=2: OK
j=0, i=3: OK
j=1, i=3: OK
j=2, i=3: OK
j=0, i=4: OK
j=1, i=4: OK
j=2, i=4: OK
j=0, i=5: OK
j=1, i=5: OK
j=2, i=5: OK
j=0, i=6: OK
j=1, i=6: OK
j=2, i=6: OK
j=0, i=7: OK
j=1, i=7: OK
j=2, i=7: OK
j=0, i=8: OK
j=1, i=8: OK
j=2, i=8: OK
j=0, i=9: OK
j=1, i=9: OK
j=2, i=9: OK
