Variable_Register (ptr): 0x805a7a0
	count: 5
	_size: 8
	_delta: 8
	_variable (ptr): 0x805ae50
Stg_Component (ptr): 0x805ae80
Stg_Object (ptr): 0x805ae80
	Stg_Class (ptr): 0x805ae80
		sizeOfSelf: 152
		_deleteSelf: Yes
		type: Variable
		_delete (func ptr): 0xb7f3e4a0
		_print (func ptr): 0xb7f3e538
		_copy (func ptr): 0xb7f3e921
	name: Scalar
	nameAllocationType: NON_GLOBAL
	_defaultConstructor (func ptr): 0xb7f3d986
	_construct (func ptr): 0xb7f3f5c2
	_build (func ptr): 0xb7f3f0a2
	_initialise (func ptr): 0xb7f3f5b8
	_execute (func ptr): 0xb7f3f5bd
	_destroy (func ptr): 0xb7f3fb1a
	isConstructed: True
	isBuilt: True
	isInitialised: False
	hasExecuted: False
	isDestroyed: False
	constructor function name: Scalar-Construct
	build function name: Scalar-Build
	initialise function name: Scalar-Initialise
	execute function name: Scalar-Execute
	destroy function name: Scalar-Destroy
Variable (ptr): (0x805ae80)
	offsetCount: 1
	offsets (ptr): 0x805acd0
		offsets[0]: 0
	dataTypes (ptr): 0x805ac48
		dataTypes[0]: 2
	dataTypeCounts (ptr): 0x805b338
		dataTypeCounts[0]: 1
	dataSizes (ptr): 0x805c030
		dataSizes[0]: 2
	components (ptr): 0x805b348
		components[0] (ptr): (nil)
	structSize: 2
	structSizePtr (ptr): (nil)
	arrayPtr (ptr): 0x805ade8
	arrayPtrPtr (ptr): 0xbfd6753c
	arraySize: 10
	arraySizePtr (ptr): 0xbfd67534
	allocateSelf = False
Stg_Component (ptr): 0x805b358
Stg_Object (ptr): 0x805b358
	Stg_Class (ptr): 0x805b358
		sizeOfSelf: 152
		_deleteSelf: Yes
		type: Variable
		_delete (func ptr): 0xb7f3e4a0
		_print (func ptr): 0xb7f3e538
		_copy (func ptr): 0xb7f3e921
	name: Three
	nameAllocationType: NON_GLOBAL
	_defaultConstructor (func ptr): 0xb7f3d986
	_construct (func ptr): 0xb7f3f5c2
	_build (func ptr): 0xb7f3f0a2
	_initialise (func ptr): 0xb7f3f5b8
	_execute (func ptr): 0xb7f3f5bd
	_destroy (func ptr): 0xb7f3fb1a
	isConstructed: True
	isBuilt: True
	isInitialised: False
	hasExecuted: False
	isDestroyed: False
	constructor function name: Three-Construct
	build function name: Three-Build
	initialise function name: Three-Initialise
	execute function name: Three-Execute
	destroy function name: Three-Destroy
Variable (ptr): (0x805b358)
	offsetCount: 1
	offsets (ptr): 0x805b648
		offsets[0]: 0
	dataTypes (ptr): 0x805b658
		dataTypes[0]: 2
	dataTypeCounts (ptr): 0x805b668
		dataTypeCounts[0]: 3
	dataSizes (ptr): 0x805c040
		dataSizes[0]: 6
	components (ptr): 0x805b678
		components[0] (ptr): 0x805b690
		components[0]: a
	structSize: 6
	structSizePtr (ptr): (nil)
	arrayPtr (ptr): 0x805ae08
	arrayPtrPtr (ptr): 0xbfd67538
	arraySize: 10
	arraySizePtr (ptr): 0xbfd67534
	allocateSelf = False
Stg_Component (ptr): 0x805b690
Stg_Object (ptr): 0x805b690
	Stg_Class (ptr): 0x805b690
		sizeOfSelf: 152
		_deleteSelf: Yes
		type: Variable
		_delete (func ptr): 0xb7f3e4a0
		_print (func ptr): 0xb7f3e538
		_copy (func ptr): 0xb7f3e921
	name: a
	nameAllocationType: NON_GLOBAL
	_defaultConstructor (func ptr): 0xb7f3d986
	_construct (func ptr): 0xb7f3f5c2
	_build (func ptr): 0xb7f3f0a2
	_initialise (func ptr): 0xb7f3f5b8
	_execute (func ptr): 0xb7f3f5bd
	_destroy (func ptr): 0xb7f3fb1a
	isConstructed: True
	isBuilt: True
	isInitialised: False
	hasExecuted: False
	isDestroyed: False
	constructor function name: a-Construct
	build function name: a-Build
	initialise function name: a-Initialise
	execute function name: a-Execute
	destroy function name: a-Destroy
Variable (ptr): (0x805b690)
	offsetCount: 1
	offsets (ptr): 0x805b978
		offsets[0]: 0
	dataTypes (ptr): 0x805b988
		dataTypes[0]: 2
	dataTypeCounts (ptr): 0x805b998
		dataTypeCounts[0]: 1
	dataSizes (ptr): 0x805c050
		dataSizes[0]: 2
	components (ptr): 0x805b9a8
		components[0] (ptr): (nil)
	structSize: 6
	structSizePtr (ptr): (nil)
	arrayPtr (ptr): 0x805ae08
	arrayPtrPtr (ptr): 0xbfd67538
	arraySize: 10
	arraySizePtr (ptr): 0xbfd67534
	allocateSelf = False
Stg_Component (ptr): 0x805b9b8
Stg_Object (ptr): 0x805b9b8
	Stg_Class (ptr): 0x805b9b8
		sizeOfSelf: 152
		_deleteSelf: Yes
		type: Variable
		_delete (func ptr): 0xb7f3e4a0
		_print (func ptr): 0xb7f3e538
		_copy (func ptr): 0xb7f3e921
	name: b
	nameAllocationType: NON_GLOBAL
	_defaultConstructor (func ptr): 0xb7f3d986
	_construct (func ptr): 0xb7f3f5c2
	_build (func ptr): 0xb7f3f0a2
	_initialise (func ptr): 0xb7f3f5b8
	_execute (func ptr): 0xb7f3f5bd
	_destroy (func ptr): 0xb7f3fb1a
	isConstructed: True
	isBuilt: True
	isInitialised: False
	hasExecuted: False
	isDestroyed: False
	constructor function name: b-Construct
	build function name: b-Build
	initialise function name: b-Initialise
	execute function name: b-Execute
	destroy function name: b-Destroy
Variable (ptr): (0x805b9b8)
	offsetCount: 1
	offsets (ptr): 0x805bca0
		offsets[0]: 2
	dataTypes (ptr): 0x805bcb0
		dataTypes[0]: 2
	dataTypeCounts (ptr): 0x805bcc0
		dataTypeCounts[0]: 1
	dataSizes (ptr): 0x805c060
		dataSizes[0]: 2
	components (ptr): 0x805bcd0
		components[0] (ptr): (nil)
	structSize: 6
	structSizePtr (ptr): (nil)
	arrayPtr (ptr): 0x805ae08
	arrayPtrPtr (ptr): 0xbfd67538
	arraySize: 10
	arraySizePtr (ptr): 0xbfd67534
	allocateSelf = False
Stg_Component (ptr): 0x805bce0
Stg_Object (ptr): 0x805bce0
	Stg_Class (ptr): 0x805bce0
		sizeOfSelf: 152
		_deleteSelf: Yes
		type: Variable
		_delete (func ptr): 0xb7f3e4a0
		_print (func ptr): 0xb7f3e538
		_copy (func ptr): 0xb7f3e921
	name: c
	nameAllocationType: NON_GLOBAL
	_defaultConstructor (func ptr): 0xb7f3d986
	_construct (func ptr): 0xb7f3f5c2
	_build (func ptr): 0xb7f3f0a2
	_initialise (func ptr): 0xb7f3f5b8
	_execute (func ptr): 0xb7f3f5bd
	_destroy (func ptr): 0xb7f3fb1a
	isConstructed: True
	isBuilt: True
	isInitialised: False
	hasExecuted: False
	isDestroyed: False
	constructor function name: c-Construct
	build function name: c-Build
	initialise function name: c-Initialise
	execute function name: c-Execute
	destroy function name: c-Destroy
Variable (ptr): (0x805bce0)
	offsetCount: 1
	offsets (ptr): 0x805bfc8
		offsets[0]: 4
	dataTypes (ptr): 0x805bfd8
		dataTypes[0]: 2
	dataTypeCounts (ptr): 0x805bfe8
		dataTypeCounts[0]: 1
	dataSizes (ptr): 0x805c070
		dataSizes[0]: 2
	components (ptr): 0x805bff8
		components[0] (ptr): (nil)
	structSize: 6
	structSizePtr (ptr): (nil)
	arrayPtr (ptr): 0x805ae08
	arrayPtrPtr (ptr): 0xbfd67538
	arraySize: 10
	arraySizePtr (ptr): 0xbfd67534
	allocateSelf = False
Stg_Class (ptr): 0x805a7a0
	sizeOfSelf: 40
	_deleteSelf: Yes
	type: Variable_Register
	_delete (func ptr): 0xb7f40561
	_print (func ptr): 0xb7f405a1
	_copy (func ptr): 0xb7f406ca
Setting value 21845
~~~Scalar~~~
i=0: 1 1 1 1 1 
i=1: 1 1 1 1 1 
i=2: 1 1 1 1 1 
i=3: 1 1 1 1 1 
i=4: 1 1 1 1 1 
i=5: 1 1 1 1 1 
i=6: 1 1 1 1 1 
i=7: 1 1 1 1 1 
i=8: 1 1 1 1 1 
i=9: 1 1 1 1 1 
~~~Vector~~~
a, i=0: 1 1 1 1 1 ptr test OK
b, i=0: 1 1 1 1 1 ptr test OK
c, i=0: 1 1 1 1 1 ptr test OK
a, i=1: 1 1 1 1 1 ptr test OK
b, i=1: 1 1 1 1 1 ptr test OK
c, i=1: 1 1 1 1 1 ptr test OK
a, i=2: 1 1 1 1 1 ptr test OK
b, i=2: 1 1 1 1 1 ptr test OK
c, i=2: 1 1 1 1 1 ptr test OK
a, i=3: 1 1 1 1 1 ptr test OK
b, i=3: 1 1 1 1 1 ptr test OK
c, i=3: 1 1 1 1 1 ptr test OK
a, i=4: 1 1 1 1 1 ptr test OK
b, i=4: 1 1 1 1 1 ptr test OK
c, i=4: 1 1 1 1 1 ptr test OK
a, i=5: 1 1 1 1 1 ptr test OK
b, i=5: 1 1 1 1 1 ptr test OK
c, i=5: 1 1 1 1 1 ptr test OK
a, i=6: 1 1 1 1 1 ptr test OK
b, i=6: 1 1 1 1 1 ptr test OK
c, i=6: 1 1 1 1 1 ptr test OK
a, i=7: 1 1 1 1 1 ptr test OK
b, i=7: 1 1 1 1 1 ptr test OK
c, i=7: 1 1 1 1 1 ptr test OK
a, i=8: 1 1 1 1 1 ptr test OK
b, i=8: 1 1 1 1 1 ptr test OK
c, i=8: 1 1 1 1 1 ptr test OK
a, i=9: 1 1 1 1 1 ptr test OK
b, i=9: 1 1 1 1 1 ptr test OK
c, i=9: 1 1 1 1 1 ptr test OK
~~~Vector: Sub-Variable~~~
j=0, i=0: OK
j=1, i=0: OK
j=2, i=0: OK
j=0, i=1: OK
j=1, i=1: OK
j=2, i=1: OK
j=0, i=2: OK
j=1, i=2: OK
j=2, i=2: OK
j=0, i=3: OK
j=1, i=3: OK
j=2, i=3: OK
j=0, i=4: OK
j=1, i=4: OK
j=2, i=4: OK
j=0, i=5: OK
j=1, i=5: OK
j=2, i=5: OK
j=0, i=6: OK
j=1, i=6: OK
j=2, i=6: OK
j=0, i=7: OK
j=1, i=7: OK
j=2, i=7: OK
j=0, i=8: OK
j=1, i=8: OK
j=2, i=8: OK
j=0, i=9: OK
j=1, i=9: OK
j=2, i=9: OK
Setting value -21846
~~~Scalar~~~
i=0: 1 1 1 1 1 
i=1: 1 1 1 1 1 
i=2: 1 1 1 1 1 
i=3: 1 1 1 1 1 
i=4: 1 1 1 1 1 
i=5: 1 1 1 1 1 
i=6: 1 1 1 1 1 
i=7: 1 1 1 1 1 
i=8: 1 1 1 1 1 
i=9: 1 1 1 1 1 
~~~Vector~~~
a, i=0: 1 1 1 1 1 ptr test OK
b, i=0: 1 1 1 1 1 ptr test OK
c, i=0: 1 1 1 1 1 ptr test OK
a, i=1: 1 1 1 1 1 ptr test OK
b, i=1: 1 1 1 1 1 ptr test OK
c, i=1: 1 1 1 1 1 ptr test OK
a, i=2: 1 1 1 1 1 ptr test OK
b, i=2: 1 1 1 1 1 ptr test OK
c, i=2: 1 1 1 1 1 ptr test OK
a, i=3: 1 1 1 1 1 ptr test OK
b, i=3: 1 1 1 1 1 ptr test OK
c, i=3: 1 1 1 1 1 ptr test OK
a, i=4: 1 1 1 1 1 ptr test OK
b, i=4: 1 1 1 1 1 ptr test OK
c, i=4: 1 1 1 1 1 ptr test OK
a, i=5: 1 1 1 1 1 ptr test OK
b, i=5: 1 1 1 1 1 ptr test OK
c, i=5: 1 1 1 1 1 ptr test OK
a, i=6: 1 1 1 1 1 ptr test OK
b, i=6: 1 1 1 1 1 ptr test OK
c, i=6: 1 1 1 1 1 ptr test OK
a, i=7: 1 1 1 1 1 ptr test OK
b, i=7: 1 1 1 1 1 ptr test OK
c, i=7: 1 1 1 1 1 ptr test OK
a, i=8: 1 1 1 1 1 ptr test OK
b, i=8: 1 1 1 1 1 ptr test OK
c, i=8: 1 1 1 1 1 ptr test OK
a, i=9: 1 1 1 1 1 ptr test OK
b, i=9: 1 1 1 1 1 ptr test OK
c, i=9: 1 1 1 1 1 ptr test OK
~~~Vector: Sub-Variable~~~
j=0, i=0: OK
j=1, i=0: OK
j=2, i=0: OK
j=0, i=1: OK
j=1, i=1: OK
j=2, i=1: OK
j=0, i=2: OK
j=1, i=2: OK
j=2, i=2: OK
j=0, i=3: OK
j=1, i=3: OK
j=2, i=3: OK
j=0, i=4: OK
j=1, i=4: OK
j=2, i=4: OK
j=0, i=5: OK
j=1, i=5: OK
j=2, i=5: OK
j=0, i=6: OK
j=1, i=6: OK
j=2, i=6: OK
j=0, i=7: OK
j=1, i=7: OK
j=2, i=7: OK
j=0, i=8: OK
j=1, i=8: OK
j=2, i=8: OK
j=0, i=9: OK
j=1, i=9: OK
j=2, i=9: OK
