StGermain Framework revision 3890. Copyright (C) 2003-2005 VPAC.
StGermain Discretisation Library revision 3890. Copyright (C) 2003-2005 VPAC.
Snac Framework. Copyright (C) 2003-2005 Caltech, VPAC & University of Texas.
Watching rank: 0
"dtType" not specified in Dictionary... assuming "dynamic", of init value: 0
"forceCalcType" set by Dictionary to "complete"
Constructing context..
	
	Creating Stg_Components from the component-list
	
	
	Constructing Stg_Components from the live-component register
	
For Material 0:
	rheology = 1
	alpha = 3.000000e-05
	beta = 0.000000e+00

	lambda = 3.000000e+10
	mu = 3.000000e+10

	maxiterations = 1
	constitutivetolerance = 1.000000e-03
	yieldcriterion = 0
	nsegments = 2
		seg 0: plstrain = 0.000000e+00
		seg 0: frictionAngle = 0.000000e+00
		seg 0: dilationAngle = 0.000000e+00
		seg 0: cohesion = 0.000000e+00
		seg 1: plstrain = 0.000000e+00
		seg 1: frictionAngle = 0.000000e+00
		seg 1: dilationAngle = 0.000000e+00
		seg 1: cohesion = 0.000000e+00
		seg 2: plstrain = 0.000000e+00
		seg 2: frictionAngle = 0.000000e+00
		seg 2: dilationAngle = 0.000000e+00
		seg 2: cohesion = 0.000000e+00
	ten_off = 0.000000e+00
	puSeeds = 0

	vis_min = 1.000000e+18
	vis_max = 3.000000e+27
	refvisc = 1.000000e+19
	refsrate = 1.000000e-15
	reftemp = 1.400000e+03
	activationE = 5.400000e+03
	srexponent = 1.000000e+00
	srexponent1 = 1.000000e+00
	srexponent2 = 1.000000e+00

	thermal conductivity = 2.000000e+00
	heat capacity = 1.000000e+03
	density = 2.700000e+03
In: Snac_Context_TimeStepZero
self->timeStep: 0 (update elements only)
self->currentTime: 0
Element: 0, Coords: (0 -300 0), (100 -300 0), (0 -200 0), (100 -200 0), (0 -300 100) (100 -300 100) (0 -200 100) (100 -200 100)
Element: 0, Vel: (3e-10 3e-10 6e-10), (3e-10 3e-10 6e-10), (3e-10 3e-10 6e-10), (3e-10 3e-10 6e-10), (3e-10 3e-10 6e-10) (3e-10 3e-10 6e-10) (3e-10 3e-10 6e-10) (3e-10 3e-10 6e-10)
Global minLengthScale: 19.245
Dt: 320750
Speed of sound: 3e-05
Element: 0, tetrahedra: 0, strain: (0 0 0) (0 0 0)
Element: 0, tetrahedra: 1, strain: (0 0 0) (0 0 0)
Element: 0, tetrahedra: 2, strain: (0 0 0) (0 0 0)
Element: 0, tetrahedra: 3, strain: (0 0 0) (0 0 0)
Element: 0, tetrahedra: 4, strain: (0 0 0) (0 0 0)
Element: 0, tetrahedra: 5, strain: (0 0 0) (0 0 0)
Element: 0, tetrahedra: 6, strain: (0 0 0) (0 0 0)
Element: 0, tetrahedra: 7, strain: (0 0 0) (0 0 0)
Element: 0, tetrahedra: 8, strain: (0 0 0) (0 0 0)
Element: 0, tetrahedra: 9, strain: (0 0 0) (0 0 0)
Element: 1, tetrahedra: 0, strain: (0 0 0) (0 0 0)
Element: 1, tetrahedra: 1, strain: (0 0 0) (0 0 0)
Element: 1, tetrahedra: 2, strain: (0 0 0) (0 0 0)
Element: 1, tetrahedra: 3, strain: (0 0 0) (0 0 0)
Element: 1, tetrahedra: 4, strain: (0 0 0) (0 0 0)
Element: 1, tetrahedra: 5, strain: (0 0 0) (0 0 0)
Element: 1, tetrahedra: 6, strain: (0 0 0) (0 0 0)
Element: 1, tetrahedra: 7, strain: (0 0 0) (0 0 0)
Element: 1, tetrahedra: 8, strain: (0 0 0) (0 0 0)
Element: 1, tetrahedra: 9, strain: (0 0 0) (0 0 0)
Element: 2, tetrahedra: 0, strain: (0 0 0) (0 0 0)
Element: 2, tetrahedra: 1, strain: (0 0 0) (0 0 0)
Element: 2, tetrahedra: 2, strain: (0 0 0) (0 0 0)
Element: 2, tetrahedra: 3, strain: (0 0 0) (0 0 0)
Element: 2, tetrahedra: 4, strain: (0 0 0) (0 0 0)
Element: 2, tetrahedra: 5, strain: (0 0 0) (0 0 0)
Element: 2, tetrahedra: 6, strain: (0 0 0) (0 0 0)
Element: 2, tetrahedra: 7, strain: (0 0 0) (0 0 0)
Element: 2, tetrahedra: 8, strain: (0 0 0) (0 0 0)
Element: 2, tetrahedra: 9, strain: (0 0 0) (0 0 0)
Element: 3, tetrahedra: 0, strain: (0 0 0) (0 0 0)
Element: 3, tetrahedra: 1, strain: (0 0 0) (0 0 0)
Element: 3, tetrahedra: 2, strain: (0 0 0) (0 0 0)
Element: 3, tetrahedra: 3, strain: (0 0 0) (0 0 0)
Element: 3, tetrahedra: 4, strain: (0 0 0) (0 0 0)
Element: 3, tetrahedra: 5, strain: (0 0 0) (0 0 0)
Element: 3, tetrahedra: 6, strain: (0 0 0) (0 0 0)
Element: 3, tetrahedra: 7, strain: (0 0 0) (0 0 0)
Element: 3, tetrahedra: 8, strain: (0 0 0) (0 0 0)
Element: 3, tetrahedra: 9, strain: (0 0 0) (0 0 0)
Element: 4, tetrahedra: 0, strain: (0 0 0) (0 0 0)
Element: 4, tetrahedra: 1, strain: (0 0 0) (0 0 0)
Element: 4, tetrahedra: 2, strain: (0 0 0) (0 0 0)
Element: 4, tetrahedra: 3, strain: (0 0 0) (0 0 0)
Element: 4, tetrahedra: 4, strain: (0 0 0) (0 0 0)
Element: 4, tetrahedra: 5, strain: (0 0 0) (0 0 0)
Element: 4, tetrahedra: 6, strain: (0 0 0) (0 0 0)
Element: 4, tetrahedra: 7, strain: (0 0 0) (0 0 0)
Element: 4, tetrahedra: 8, strain: (0 0 0) (0 0 0)
Element: 4, tetrahedra: 9, strain: (0 0 0) (0 0 0)
Element: 5, tetrahedra: 0, strain: (0 0 0) (0 0 0)
Element: 5, tetrahedra: 1, strain: (0 0 0) (0 0 0)
Element: 5, tetrahedra: 2, strain: (0 0 0) (0 0 0)
Element: 5, tetrahedra: 3, strain: (0 0 0) (0 0 0)
Element: 5, tetrahedra: 4, strain: (0 0 0) (0 0 0)
Element: 5, tetrahedra: 5, strain: (0 0 0) (0 0 0)
Element: 5, tetrahedra: 6, strain: (0 0 0) (0 0 0)
Element: 5, tetrahedra: 7, strain: (0 0 0) (0 0 0)
Element: 5, tetrahedra: 8, strain: (0 0 0) (0 0 0)
Element: 5, tetrahedra: 9, strain: (0 0 0) (0 0 0)
Element: 6, tetrahedra: 0, strain: (0 0 0) (0 0 0)
Element: 6, tetrahedra: 1, strain: (0 0 0) (0 0 0)
Element: 6, tetrahedra: 2, strain: (0 0 0) (0 0 0)
Element: 6, tetrahedra: 3, strain: (0 0 0) (0 0 0)
Element: 6, tetrahedra: 4, strain: (0 0 0) (0 0 0)
Element: 6, tetrahedra: 5, strain: (0 0 0) (0 0 0)
Element: 6, tetrahedra: 6, strain: (0 0 0) (0 0 0)
Element: 6, tetrahedra: 7, strain: (0 0 0) (0 0 0)
Element: 6, tetrahedra: 8, strain: (0 0 0) (0 0 0)
Element: 6, tetrahedra: 9, strain: (0 0 0) (0 0 0)
Element: 7, tetrahedra: 0, strain: (0 0 0) (0 0 0)
Element: 7, tetrahedra: 1, strain: (0 0 0) (0 0 0)
Element: 7, tetrahedra: 2, strain: (0 0 0) (0 0 0)
Element: 7, tetrahedra: 3, strain: (0 0 0) (0 0 0)
Element: 7, tetrahedra: 4, strain: (0 0 0) (0 0 0)
Element: 7, tetrahedra: 5, strain: (0 0 0) (0 0 0)
Element: 7, tetrahedra: 6, strain: (0 0 0) (0 0 0)
Element: 7, tetrahedra: 7, strain: (0 0 0) (0 0 0)
Element: 7, tetrahedra: 8, strain: (0 0 0) (0 0 0)
Element: 7, tetrahedra: 9, strain: (0 0 0) (0 0 0)
Element: 8, tetrahedra: 0, strain: (0 0 0) (0 0 0)
Element: 8, tetrahedra: 1, strain: (0 0 0) (0 0 0)
Element: 8, tetrahedra: 2, strain: (0 0 0) (0 0 0)
Element: 8, tetrahedra: 3, strain: (0 0 0) (0 0 0)
Element: 8, tetrahedra: 4, strain: (0 0 0) (0 0 0)
Element: 8, tetrahedra: 5, strain: (0 0 0) (0 0 0)
Element: 8, tetrahedra: 6, strain: (0 0 0) (0 0 0)
Element: 8, tetrahedra: 7, strain: (0 0 0) (0 0 0)
Element: 8, tetrahedra: 8, strain: (0 0 0) (0 0 0)
Element: 8, tetrahedra: 9, strain: (0 0 0) (0 0 0)
Element: 9, tetrahedra: 0, strain: (0 0 0) (0 0 0)
Element: 9, tetrahedra: 1, strain: (0 0 0) (0 0 0)
Element: 9, tetrahedra: 2, strain: (0 0 0) (0 0 0)
Element: 9, tetrahedra: 3, strain: (0 0 0) (0 0 0)
Element: 9, tetrahedra: 4, strain: (0 0 0) (0 0 0)
Element: 9, tetrahedra: 5, strain: (0 0 0) (0 0 0)
Element: 9, tetrahedra: 6, strain: (0 0 0) (0 0 0)
Element: 9, tetrahedra: 7, strain: (0 0 0) (0 0 0)
Element: 9, tetrahedra: 8, strain: (0 0 0) (0 0 0)
Element: 9, tetrahedra: 9, strain: (0 0 0) (0 0 0)
Element: 10, tetrahedra: 0, strain: (0 0 0) (0 0 0)
Element: 10, tetrahedra: 1, strain: (0 0 0) (0 0 0)
Element: 10, tetrahedra: 2, strain: (0 0 0) (0 0 0)
Element: 10, tetrahedra: 3, strain: (0 0 0) (0 0 0)
Element: 10, tetrahedra: 4, strain: (0 0 0) (0 0 0)
Element: 10, tetrahedra: 5, strain: (0 0 0) (0 0 0)
Element: 10, tetrahedra: 6, strain: (0 0 0) (0 0 0)
Element: 10, tetrahedra: 7, strain: (0 0 0) (0 0 0)
Element: 10, tetrahedra: 8, strain: (0 0 0) (0 0 0)
Element: 10, tetrahedra: 9, strain: (0 0 0) (0 0 0)
Element: 11, tetrahedra: 0, strain: (0 0 0) (0 0 0)
Element: 11, tetrahedra: 1, strain: (0 0 0) (0 0 0)
Element: 11, tetrahedra: 2, strain: (0 0 0) (0 0 0)
Element: 11, tetrahedra: 3, strain: (0 0 0) (0 0 0)
Element: 11, tetrahedra: 4, strain: (0 0 0) (0 0 0)
Element: 11, tetrahedra: 5, strain: (0 0 0) (0 0 0)
Element: 11, tetrahedra: 6, strain: (0 0 0) (0 0 0)
Element: 11, tetrahedra: 7, strain: (0 0 0) (0 0 0)
Element: 11, tetrahedra: 8, strain: (0 0 0) (0 0 0)
Element: 11, tetrahedra: 9, strain: (0 0 0) (0 0 0)
Element: 12, tetrahedra: 0, strain: (0 0 0) (0 0 0)
Element: 12, tetrahedra: 1, strain: (0 0 0) (0 0 0)
Element: 12, tetrahedra: 2, strain: (0 0 0) (0 0 0)
Element: 12, tetrahedra: 3, strain: (0 0 0) (0 0 0)
Element: 12, tetrahedra: 4, strain: (0 0 0) (0 0 0)
Element: 12, tetrahedra: 5, strain: (0 0 0) (0 0 0)
Element: 12, tetrahedra: 6, strain: (0 0 0) (0 0 0)
Element: 12, tetrahedra: 7, strain: (0 0 0) (0 0 0)
Element: 12, tetrahedra: 8, strain: (0 0 0) (0 0 0)
Element: 12, tetrahedra: 9, strain: (0 0 0) (0 0 0)
Element: 13, tetrahedra: 0, strain: (0 0 0) (0 0 0)
Element: 13, tetrahedra: 1, strain: (0 0 0) (0 0 0)
Element: 13, tetrahedra: 2, strain: (0 0 0) (0 0 0)
Element: 13, tetrahedra: 3, strain: (0 0 0) (0 0 0)
Element: 13, tetrahedra: 4, strain: (0 0 0) (0 0 0)
Element: 13, tetrahedra: 5, strain: (0 0 0) (0 0 0)
Element: 13, tetrahedra: 6, strain: (0 0 0) (0 0 0)
Element: 13, tetrahedra: 7, strain: (0 0 0) (0 0 0)
Element: 13, tetrahedra: 8, strain: (0 0 0) (0 0 0)
Element: 13, tetrahedra: 9, strain: (0 0 0) (0 0 0)
Element: 14, tetrahedra: 0, strain: (0 0 0) (0 0 0)
Element: 14, tetrahedra: 1, strain: (0 0 0) (0 0 0)
Element: 14, tetrahedra: 2, strain: (0 0 0) (0 0 0)
Element: 14, tetrahedra: 3, strain: (0 0 0) (0 0 0)
Element: 14, tetrahedra: 4, strain: (0 0 0) (0 0 0)
Element: 14, tetrahedra: 5, strain: (0 0 0) (0 0 0)
Element: 14, tetrahedra: 6, strain: (0 0 0) (0 0 0)
Element: 14, tetrahedra: 7, strain: (0 0 0) (0 0 0)
Element: 14, tetrahedra: 8, strain: (0 0 0) (0 0 0)
Element: 14, tetrahedra: 9, strain: (0 0 0) (0 0 0)
Element: 15, tetrahedra: 0, strain: (0 0 0) (0 0 0)
Element: 15, tetrahedra: 1, strain: (0 0 0) (0 0 0)
Element: 15, tetrahedra: 2, strain: (0 0 0) (0 0 0)
Element: 15, tetrahedra: 3, strain: (0 0 0) (0 0 0)
Element: 15, tetrahedra: 4, strain: (0 0 0) (0 0 0)
Element: 15, tetrahedra: 5, strain: (0 0 0) (0 0 0)
Element: 15, tetrahedra: 6, strain: (0 0 0) (0 0 0)
Element: 15, tetrahedra: 7, strain: (0 0 0) (0 0 0)
Element: 15, tetrahedra: 8, strain: (0 0 0) (0 0 0)
Element: 15, tetrahedra: 9, strain: (0 0 0) (0 0 0)
Element: 16, tetrahedra: 0, strain: (0 0 0) (0 0 0)
Element: 16, tetrahedra: 1, strain: (0 0 0) (0 0 0)
Element: 16, tetrahedra: 2, strain: (0 0 0) (0 0 0)
Element: 16, tetrahedra: 3, strain: (0 0 0) (0 0 0)
Element: 16, tetrahedra: 4, strain: (0 0 0) (0 0 0)
Element: 16, tetrahedra: 5, strain: (0 0 0) (0 0 0)
Element: 16, tetrahedra: 6, strain: (0 0 0) (0 0 0)
Element: 16, tetrahedra: 7, strain: (0 0 0) (0 0 0)
Element: 16, tetrahedra: 8, strain: (0 0 0) (0 0 0)
Element: 16, tetrahedra: 9, strain: (0 0 0) (0 0 0)
Element: 17, tetrahedra: 0, strain: (0 0 0) (0 0 0)
Element: 17, tetrahedra: 1, strain: (0 0 0) (0 0 0)
Element: 17, tetrahedra: 2, strain: (0 0 0) (0 0 0)
Element: 17, tetrahedra: 3, strain: (0 0 0) (0 0 0)
Element: 17, tetrahedra: 4, strain: (0 0 0) (0 0 0)
Element: 17, tetrahedra: 5, strain: (0 0 0) (0 0 0)
Element: 17, tetrahedra: 6, strain: (0 0 0) (0 0 0)
Element: 17, tetrahedra: 7, strain: (0 0 0) (0 0 0)
Element: 17, tetrahedra: 8, strain: (0 0 0) (0 0 0)
Element: 17, tetrahedra: 9, strain: (0 0 0) (0 0 0)
Element: 18, tetrahedra: 0, strain: (0 0 0) (0 0 0)
Element: 18, tetrahedra: 1, strain: (0 0 0) (0 0 0)
Element: 18, tetrahedra: 2, strain: (0 0 0) (0 0 0)
Element: 18, tetrahedra: 3, strain: (0 0 0) (0 0 0)
Element: 18, tetrahedra: 4, strain: (0 0 0) (0 0 0)
Element: 18, tetrahedra: 5, strain: (0 0 0) (0 0 0)
Element: 18, tetrahedra: 6, strain: (0 0 0) (0 0 0)
Element: 18, tetrahedra: 7, strain: (0 0 0) (0 0 0)
Element: 18, tetrahedra: 8, strain: (0 0 0) (0 0 0)
Element: 18, tetrahedra: 9, strain: (0 0 0) (0 0 0)
Element: 19, tetrahedra: 0, strain: (0 0 0) (0 0 0)
Element: 19, tetrahedra: 1, strain: (0 0 0) (0 0 0)
Element: 19, tetrahedra: 2, strain: (0 0 0) (0 0 0)
Element: 19, tetrahedra: 3, strain: (0 0 0) (0 0 0)
Element: 19, tetrahedra: 4, strain: (0 0 0) (0 0 0)
Element: 19, tetrahedra: 5, strain: (0 0 0) (0 0 0)
Element: 19, tetrahedra: 6, strain: (0 0 0) (0 0 0)
Element: 19, tetrahedra: 7, strain: (0 0 0) (0 0 0)
Element: 19, tetrahedra: 8, strain: (0 0 0) (0 0 0)
Element: 19, tetrahedra: 9, strain: (0 0 0) (0 0 0)
Element: 20, tetrahedra: 0, strain: (0 0 0) (0 0 0)
Element: 20, tetrahedra: 1, strain: (0 0 0) (0 0 0)
Element: 20, tetrahedra: 2, strain: (0 0 0) (0 0 0)
Element: 20, tetrahedra: 3, strain: (0 0 0) (0 0 0)
Element: 20, tetrahedra: 4, strain: (0 0 0) (0 0 0)
Element: 20, tetrahedra: 5, strain: (0 0 0) (0 0 0)
Element: 20, tetrahedra: 6, strain: (0 0 0) (0 0 0)
Element: 20, tetrahedra: 7, strain: (0 0 0) (0 0 0)
Element: 20, tetrahedra: 8, strain: (0 0 0) (0 0 0)
Element: 20, tetrahedra: 9, strain: (0 0 0) (0 0 0)
Element: 21, tetrahedra: 0, strain: (0 0 0) (0 0 0)
Element: 21, tetrahedra: 1, strain: (0 0 0) (0 0 0)
Element: 21, tetrahedra: 2, strain: (0 0 0) (0 0 0)
Element: 21, tetrahedra: 3, strain: (0 0 0) (0 0 0)
Element: 21, tetrahedra: 4, strain: (0 0 0) (0 0 0)
Element: 21, tetrahedra: 5, strain: (0 0 0) (0 0 0)
Element: 21, tetrahedra: 6, strain: (0 0 0) (0 0 0)
Element: 21, tetrahedra: 7, strain: (0 0 0) (0 0 0)
Element: 21, tetrahedra: 8, strain: (0 0 0) (0 0 0)
Element: 21, tetrahedra: 9, strain: (0 0 0) (0 0 0)
Element: 22, tetrahedra: 0, strain: (0 0 0) (0 0 0)
Element: 22, tetrahedra: 1, strain: (0 0 0) (0 0 0)
Element: 22, tetrahedra: 2, strain: (0 0 0) (0 0 0)
Element: 22, tetrahedra: 3, strain: (0 0 0) (0 0 0)
Element: 22, tetrahedra: 4, strain: (0 0 0) (0 0 0)
Element: 22, tetrahedra: 5, strain: (0 0 0) (0 0 0)
Element: 22, tetrahedra: 6, strain: (0 0 0) (0 0 0)
Element: 22, tetrahedra: 7, strain: (0 0 0) (0 0 0)
Element: 22, tetrahedra: 8, strain: (0 0 0) (0 0 0)
Element: 22, tetrahedra: 9, strain: (0 0 0) (0 0 0)
Element: 23, tetrahedra: 0, strain: (0 0 0) (0 0 0)
Element: 23, tetrahedra: 1, strain: (0 0 0) (0 0 0)
Element: 23, tetrahedra: 2, strain: (0 0 0) (0 0 0)
Element: 23, tetrahedra: 3, strain: (0 0 0) (0 0 0)
Element: 23, tetrahedra: 4, strain: (0 0 0) (0 0 0)
Element: 23, tetrahedra: 5, strain: (0 0 0) (0 0 0)
Element: 23, tetrahedra: 6, strain: (0 0 0) (0 0 0)
Element: 23, tetrahedra: 7, strain: (0 0 0) (0 0 0)
Element: 23, tetrahedra: 8, strain: (0 0 0) (0 0 0)
Element: 23, tetrahedra: 9, strain: (0 0 0) (0 0 0)
Element: 24, tetrahedra: 0, strain: (0 0 0) (0 0 0)
Element: 24, tetrahedra: 1, strain: (0 0 0) (0 0 0)
Element: 24, tetrahedra: 2, strain: (0 0 0) (0 0 0)
Element: 24, tetrahedra: 3, strain: (0 0 0) (0 0 0)
Element: 24, tetrahedra: 4, strain: (0 0 0) (0 0 0)
Element: 24, tetrahedra: 5, strain: (0 0 0) (0 0 0)
Element: 24, tetrahedra: 6, strain: (0 0 0) (0 0 0)
Element: 24, tetrahedra: 7, strain: (0 0 0) (0 0 0)
Element: 24, tetrahedra: 8, strain: (0 0 0) (0 0 0)
Element: 24, tetrahedra: 9, strain: (0 0 0) (0 0 0)
Element: 25, tetrahedra: 0, strain: (0 0 0) (0 0 0)
Element: 25, tetrahedra: 1, strain: (0 0 0) (0 0 0)
Element: 25, tetrahedra: 2, strain: (0 0 0) (0 0 0)
Element: 25, tetrahedra: 3, strain: (0 0 0) (0 0 0)
Element: 25, tetrahedra: 4, strain: (0 0 0) (0 0 0)
Element: 25, tetrahedra: 5, strain: (0 0 0) (0 0 0)
Element: 25, tetrahedra: 6, strain: (0 0 0) (0 0 0)
Element: 25, tetrahedra: 7, strain: (0 0 0) (0 0 0)
Element: 25, tetrahedra: 8, strain: (0 0 0) (0 0 0)
Element: 25, tetrahedra: 9, strain: (0 0 0) (0 0 0)
Element: 26, tetrahedra: 0, strain: (0 0 0) (0 0 0)
Element: 26, tetrahedra: 1, strain: (0 0 0) (0 0 0)
Element: 26, tetrahedra: 2, strain: (0 0 0) (0 0 0)
Element: 26, tetrahedra: 3, strain: (0 0 0) (0 0 0)
Element: 26, tetrahedra: 4, strain: (0 0 0) (0 0 0)
Element: 26, tetrahedra: 5, strain: (0 0 0) (0 0 0)
Element: 26, tetrahedra: 6, strain: (0 0 0) (0 0 0)
Element: 26, tetrahedra: 7, strain: (0 0 0) (0 0 0)
Element: 26, tetrahedra: 8, strain: (0 0 0) (0 0 0)
Element: 26, tetrahedra: 9, strain: (0 0 0) (0 0 0)
