Watching rank: 0
In: AbstractContext_New( ... )
	self->communicator: 133, size: 1, rank 0
In: _AbstractContext__Init( Context* )
In: AbstractContext_Build( Context* )
In: _MeshContext_Build( Context*, void* )
In: _Snac_Context_Build( Context*, void* )
In: AbstractContext_Initialise( Context* )
In: _MeshContext_InitialConditions( Context*, void* )
In: _Snac_Context_InitialConditions( Context*, void* )
snac->density: 2700
snac->gravity: 9.81
snac->demf: 0.8
self->loop: 0 (update elements only)
self->current: 0
For each element, calculating volumes, surface velocities, and then min length scale
0: In: _Snac_Context_Sync( Context*, void* )
new self->minlengthscale: 19.245
new self->dt: 320750
In: _AbstractContext_Step( Context* )
Loop = 1, Time = 0
In: _Snac_Context_SetDt( Context*, Time )
In: _Snac_Context_BoundaryConditions( Context*, void* )
In: _Snac_Context_Solve( Context*, void* )
self->loop: 1
self->current: 0
For each element, calculating strain-rate and then stress
0: For each node, calculate mass, force, velocity and then coordinates
0: For each boundary node, calculate the mass and force (will only be a partial calculation) and send to neighbour.
0: For each boundary node, recieve from nieghbour, complete mass and force calculation, the velocity and then coordinations.
For each element, calculating volumes, surface velocities, and then min length scale
0: In: _Snac_Context_Sync( Context*, void* )
new self->minlengthscale: 19.245
new self->dt: 320750
Dofs:
	Dof set: 0, Dof: { #: 0, name: "vx", offset: 24 }
	Dof set: 0, Dof: { #: 1, name: "vy", offset: 32 }
	Dof set: 0, Dof: { #: 2, name: "vz", offset: 40 }
BoundaryConditions:
	Left wall: 
		boundary condition[0]: 0
		nodes with boundary conditions (node#:dof#:bc#): 0:0:0 4:0:0 8:0:0 12:0:0 16:0:0 20:0:0 24:0:0 28:0:0 32:0:0 36:0:0 40:0:0 44:0:0 48:0:0 52:0:0 56:0:0 60:0:0 
	Right wall: 
		boundary condition[0]: 0
		nodes with boundary conditions (node#:dof#:bc#): 3:1:0 7:1:0 11:1:0 15:1:0 19:1:0 23:1:0 27:1:0 31:1:0 35:1:0 39:1:0 43:1:0 47:1:0 51:1:0 55:1:0 59:1:0 63:1:0 
	Back wall: 
		boundary condition[0]: 0
		nodes with boundary conditions (node#:dof#:bc#): 0:1:0 1:1:0 2:1:0 3:1:0 4:1:0 5:1:0 6:1:0 7:1:0 8:1:0 9:1:0 10:1:0 11:1:0 12:1:0 13:1:0 14:1:0 15:1:0 
	Front wall: 
		boundary condition[0]: 0
		nodes with boundary conditions (node#:dof#:bc#): 48:1:0 49:1:0 50:1:0 51:1:0 52:1:0 53:1:0 54:1:0 55:1:0 56:1:0 57:1:0 58:1:0 59:1:0 60:1:0 61:1:0 62:1:0 63:1:0 
dt: 320750
element[0]->tetra[0].strainRate: ( 1.66667e-12 -1.33333e-12 -1.33333e-12) (          -0  1.96249e-28      1.5e-12)
element[0]->tetra[1].strainRate: ( 1.66667e-12 -1.33333e-12 -1.33333e-12) ( 9.81243e-29  1.96249e-28      1.5e-12)
element[0]->tetra[2].strainRate: ( 1.66667e-12 -1.33333e-12 -1.33333e-12) ( 9.81243e-29 -9.80209e-29      1.5e-12)
element[0]->tetra[3].strainRate: ( 1.66667e-12 -1.33333e-12 -1.33333e-12) (-1.96249e-28 -2.94476e-28      1.5e-12)
element[0]->tetra[4].strainRate: (-2.33333e-12  6.66667e-13  6.66667e-13) (          -0           -0     -1.5e-12)
element[0]->tetra[5].strainRate: ( 1.66667e-12 -1.33333e-12 -1.33333e-12) ( 9.81243e-29  1.96249e-28      1.5e-12)
element[0]->tetra[6].strainRate: ( 1.66667e-12 -1.33333e-12 -1.33333e-12) (          -0  1.96249e-28      1.5e-12)
element[0]->tetra[7].strainRate: ( 1.66667e-12 -1.33333e-12 -1.33333e-12) (-9.81243e-29 -9.80209e-29      1.5e-12)
element[0]->tetra[8].strainRate: ( 1.66667e-12 -1.33333e-12 -1.33333e-12) (          -0 -2.94476e-28      1.5e-12)
element[0]->tetra[9].strainRate: ( 1.66667e-12 -1.33333e-12 -1.33333e-12) (          -0           -0      1.5e-12)
element[1]->tetra[0].strainRate: (-7.66335e-47 -1.96249e-28  1.96249e-28) (-9.81243e-29   2.9427e-28      1.5e-12)
element[1]->tetra[1].strainRate: (-7.66335e-47 -1.96249e-28  1.96249e-28) (-9.81243e-29   2.9427e-28      1.5e-12)
element[1]->tetra[2].strainRate: (-7.66335e-47 -1.96249e-28  1.96249e-28) (-9.81243e-29   2.9427e-28      1.5e-12)
element[1]->tetra[3].strainRate: (-7.66335e-47 -1.96249e-28  1.96249e-28) (-9.81243e-29   2.9427e-28      1.5e-12)
element[1]->tetra[4].strainRate: (-7.66335e-47 -1.96249e-28  1.96249e-28) (-9.81243e-29   2.9427e-28      1.5e-12)
element[1]->tetra[5].strainRate: (-7.66335e-47 -1.96249e-28  1.96249e-28) (-9.81243e-29   2.9427e-28      1.5e-12)
element[1]->tetra[6].strainRate: (-7.66335e-47 -1.96249e-28  1.96249e-28) (-9.81243e-29   2.9427e-28      1.5e-12)
element[1]->tetra[7].strainRate: (-7.66335e-47 -1.96249e-28  1.96249e-28) (-9.81243e-29   2.9427e-28      1.5e-12)
element[1]->tetra[8].strainRate: (-7.66335e-47 -1.96249e-28  1.96249e-28) (-9.81243e-29   2.9427e-28      1.5e-12)
element[1]->tetra[9].strainRate: (-7.66335e-47 -1.96249e-28  1.96249e-28) (-9.81243e-29   2.9427e-28      1.5e-12)
element[2]->tetra[0].strainRate: ( 8.33333e-14  8.33333e-14  8.33333e-14) (-9.81243e-29   2.9427e-28      1.5e-12)
element[2]->tetra[1].strainRate: ( 8.33333e-14  8.33333e-14  8.33333e-14) (-9.81243e-29   2.9427e-28      1.5e-12)
element[2]->tetra[2].strainRate: ( 8.33333e-14  8.33333e-14  8.33333e-14) (-9.81243e-29   2.9427e-28      1.5e-12)
element[2]->tetra[3].strainRate: ( 8.33333e-14  8.33333e-14  8.33333e-14) (-9.81243e-29   2.9427e-28      1.5e-12)
element[2]->tetra[4].strainRate: ( 8.33333e-14  8.33333e-14  8.33333e-14) (-9.81243e-29   2.9427e-28      1.5e-12)
element[2]->tetra[5].strainRate: ( 8.33333e-14  8.33333e-14  8.33333e-14) (-9.81243e-29   2.9427e-28      1.5e-12)
element[2]->tetra[6].strainRate: ( 8.33333e-14  8.33333e-14  8.33333e-14) (-9.81243e-29   2.9427e-28      1.5e-12)
element[2]->tetra[7].strainRate: ( 8.33333e-14  8.33333e-14  8.33333e-14) (-9.81243e-29   2.9427e-28      1.5e-12)
element[2]->tetra[8].strainRate: ( 8.33333e-14  8.33333e-14  8.33333e-14) (-9.81243e-29   2.9427e-28      1.5e-12)
element[2]->tetra[9].strainRate: ( 8.33333e-14  8.33333e-14  8.33333e-14) (-9.81243e-29   2.9427e-28      1.5e-12)
element[4]->tetra[0].strainRate: (-7.66335e-47 -1.96249e-28  1.96249e-28) (-9.81243e-29   2.9427e-28      1.5e-12)
element[4]->tetra[1].strainRate: (-7.66335e-47 -1.96249e-28  1.96249e-28) (-9.81243e-29   2.9427e-28      1.5e-12)
element[4]->tetra[2].strainRate: (-7.66335e-47 -1.96249e-28  1.96249e-28) (-9.81243e-29   2.9427e-28      1.5e-12)
element[4]->tetra[3].strainRate: (-7.66335e-47 -1.96249e-28  1.96249e-28) (-9.81243e-29   2.9427e-28      1.5e-12)
element[4]->tetra[4].strainRate: (-7.66335e-47 -1.96249e-28  1.96249e-28) (-9.81243e-29   2.9427e-28      1.5e-12)
element[4]->tetra[5].strainRate: (-7.66335e-47 -1.96249e-28  1.96249e-28) (-9.81243e-29   2.9427e-28      1.5e-12)
element[4]->tetra[6].strainRate: (-7.66335e-47 -1.96249e-28  1.96249e-28) (-9.81243e-29   2.9427e-28      1.5e-12)
element[4]->tetra[7].strainRate: (-7.66335e-47 -1.96249e-28  1.96249e-28) (-9.81243e-29   2.9427e-28      1.5e-12)
element[4]->tetra[8].strainRate: (-7.66335e-47 -1.96249e-28  1.96249e-28) (-9.81243e-29   2.9427e-28      1.5e-12)
element[4]->tetra[9].strainRate: (-7.66335e-47 -1.96249e-28  1.96249e-28) (-9.81243e-29   2.9427e-28      1.5e-12)
element[5]->tetra[0].strainRate: ( 8.33333e-14  8.33333e-14  8.33333e-14) (-9.81243e-29   2.9427e-28      1.5e-12)
element[5]->tetra[1].strainRate: ( 8.33333e-14  8.33333e-14  8.33333e-14) (-9.81243e-29   2.9427e-28      1.5e-12)
element[5]->tetra[2].strainRate: ( 8.33333e-14  8.33333e-14  8.33333e-14) (-9.81243e-29   2.9427e-28      1.5e-12)
element[5]->tetra[3].strainRate: ( 8.33333e-14  8.33333e-14  8.33333e-14) (-9.81243e-29   2.9427e-28      1.5e-12)
element[5]->tetra[4].strainRate: ( 8.33333e-14  8.33333e-14  8.33333e-14) (-9.81243e-29   2.9427e-28      1.5e-12)
element[5]->tetra[5].strainRate: ( 8.33333e-14  8.33333e-14  8.33333e-14) (-9.81243e-29   2.9427e-28      1.5e-12)
element[5]->tetra[6].strainRate: ( 8.33333e-14  8.33333e-14  8.33333e-14) (-9.81243e-29   2.9427e-28      1.5e-12)
element[5]->tetra[7].strainRate: ( 8.33333e-14  8.33333e-14  8.33333e-14) (-9.81243e-29   2.9427e-28      1.5e-12)
element[5]->tetra[8].strainRate: ( 8.33333e-14  8.33333e-14  8.33333e-14) (-9.81243e-29   2.9427e-28      1.5e-12)
element[5]->tetra[9].strainRate: ( 8.33333e-14  8.33333e-14  8.33333e-14) (-9.81243e-29   2.9427e-28      1.5e-12)
element[7]->tetra[0].strainRate: (-7.66335e-47 -1.96249e-28  1.96249e-28) (-9.81243e-29   2.9427e-28      1.5e-12)
element[7]->tetra[1].strainRate: (-7.66335e-47 -1.96249e-28  1.96249e-28) (-9.81243e-29   2.9427e-28      1.5e-12)
element[7]->tetra[2].strainRate: (-7.66335e-47 -1.96249e-28  1.96249e-28) (-9.81243e-29   2.9427e-28      1.5e-12)
element[7]->tetra[3].strainRate: (-7.66335e-47 -1.96249e-28  1.96249e-28) (-9.81243e-29   2.9427e-28      1.5e-12)
element[7]->tetra[4].strainRate: (-7.66335e-47 -1.96249e-28  1.96249e-28) (-9.81243e-29   2.9427e-28      1.5e-12)
element[7]->tetra[5].strainRate: (-7.66335e-47 -1.96249e-28  1.96249e-28) (-9.81243e-29   2.9427e-28      1.5e-12)
element[7]->tetra[6].strainRate: (-7.66335e-47 -1.96249e-28  1.96249e-28) (-9.81243e-29   2.9427e-28      1.5e-12)
element[7]->tetra[7].strainRate: (-7.66335e-47 -1.96249e-28  1.96249e-28) (-9.81243e-29   2.9427e-28      1.5e-12)
element[7]->tetra[8].strainRate: (-7.66335e-47 -1.96249e-28  1.96249e-28) (-9.81243e-29   2.9427e-28      1.5e-12)
element[7]->tetra[9].strainRate: (-7.66335e-47 -1.96249e-28  1.96249e-28) (-9.81243e-29   2.9427e-28      1.5e-12)
element[8]->tetra[0].strainRate: ( 8.33333e-14  8.33333e-14  8.33333e-14) (-9.81243e-29   2.9427e-28      1.5e-12)
element[8]->tetra[1].strainRate: ( 8.33333e-14  8.33333e-14  8.33333e-14) (-9.81243e-29   2.9427e-28      1.5e-12)
element[8]->tetra[2].strainRate: ( 8.33333e-14  8.33333e-14  8.33333e-14) (-9.81243e-29   2.9427e-28      1.5e-12)
element[8]->tetra[3].strainRate: ( 8.33333e-14  8.33333e-14  8.33333e-14) (-9.81243e-29   2.9427e-28      1.5e-12)
element[8]->tetra[4].strainRate: ( 8.33333e-14  8.33333e-14  8.33333e-14) (-9.81243e-29   2.9427e-28      1.5e-12)
element[8]->tetra[5].strainRate: ( 8.33333e-14  8.33333e-14  8.33333e-14) (-9.81243e-29   2.9427e-28      1.5e-12)
element[8]->tetra[6].strainRate: ( 8.33333e-14  8.33333e-14  8.33333e-14) (-9.81243e-29   2.9427e-28      1.5e-12)
element[8]->tetra[7].strainRate: ( 8.33333e-14  8.33333e-14  8.33333e-14) (-9.81243e-29   2.9427e-28      1.5e-12)
element[8]->tetra[8].strainRate: ( 8.33333e-14  8.33333e-14  8.33333e-14) (-9.81243e-29   2.9427e-28      1.5e-12)
element[8]->tetra[9].strainRate: ( 8.33333e-14  8.33333e-14  8.33333e-14) (-9.81243e-29   2.9427e-28      1.5e-12)
element[9]->tetra[0].strainRate: ( 1.66667e-12 -1.33333e-12 -1.33333e-12) ( 9.81243e-29  1.96249e-28 -9.80209e-29)
element[9]->tetra[1].strainRate: ( 1.66667e-12 -1.33333e-12 -1.33333e-12) ( 9.81243e-29  1.96249e-28 -9.80209e-29)
element[9]->tetra[2].strainRate: ( 1.66667e-12 -1.33333e-12 -1.33333e-12) ( 9.81243e-29  1.96249e-28 -9.80209e-29)
element[9]->tetra[3].strainRate: ( 1.66667e-12 -1.33333e-12 -1.33333e-12) ( 9.81243e-29  1.96249e-28 -9.80209e-29)
element[9]->tetra[4].strainRate: ( 1.66667e-12 -1.33333e-12 -1.33333e-12) ( 9.81243e-29  1.96249e-28 -9.80209e-29)
element[9]->tetra[5].strainRate: ( 1.66667e-12 -1.33333e-12 -1.33333e-12) ( 9.81243e-29  1.96249e-28 -9.80209e-29)
element[9]->tetra[6].strainRate: ( 1.66667e-12 -1.33333e-12 -1.33333e-12) ( 9.81243e-29  1.96249e-28 -9.80209e-29)
element[9]->tetra[7].strainRate: ( 1.66667e-12 -1.33333e-12 -1.33333e-12) ( 9.81243e-29  1.96249e-28 -9.80209e-29)
element[9]->tetra[8].strainRate: ( 1.66667e-12 -1.33333e-12 -1.33333e-12) ( 9.81243e-29  1.96249e-28 -9.80209e-29)
element[9]->tetra[9].strainRate: ( 1.66667e-12 -1.33333e-12 -1.33333e-12) ( 9.81243e-29  1.96249e-28 -9.80209e-29)
element[10]->tetra[0].strainRate: ( 6.54162e-29 -3.27081e-28  2.61665e-28) (          -0   2.9427e-28 -9.80209e-29)
element[10]->tetra[1].strainRate: ( 6.54162e-29 -3.27081e-28  2.61665e-28) (          -0   2.9427e-28 -9.80209e-29)
element[10]->tetra[2].strainRate: ( 6.54162e-29 -3.27081e-28  2.61665e-28) (          -0   2.9427e-28 -9.80209e-29)
element[10]->tetra[3].strainRate: ( 6.54162e-29 -3.27081e-28  2.61665e-28) (          -0   2.9427e-28 -9.80209e-29)
element[10]->tetra[4].strainRate: ( 6.54162e-29 -3.27081e-28  2.61665e-28) (          -0   2.9427e-28 -9.80209e-29)
element[10]->tetra[5].strainRate: ( 6.54162e-29 -3.27081e-28  2.61665e-28) (          -0   2.9427e-28 -9.80209e-29)
element[10]->tetra[6].strainRate: ( 6.54162e-29 -3.27081e-28  2.61665e-28) (          -0   2.9427e-28 -9.80209e-29)
element[10]->tetra[7].strainRate: ( 6.54162e-29 -3.27081e-28  2.61665e-28) (          -0   2.9427e-28 -9.80209e-29)
element[10]->tetra[8].strainRate: ( 6.54162e-29 -3.27081e-28  2.61665e-28) (          -0   2.9427e-28 -9.80209e-29)
element[10]->tetra[9].strainRate: ( 6.54162e-29 -3.27081e-28  2.61665e-28) (          -0   2.9427e-28 -9.80209e-29)
element[11]->tetra[0].strainRate: ( 6.54162e-29 -3.27081e-28  2.61665e-28) (    -1.5e-12   2.9427e-28 -9.80209e-29)
element[11]->tetra[1].strainRate: ( 6.54162e-29 -3.27081e-28  2.61665e-28) (    -1.5e-12   2.9427e-28 -9.80209e-29)
element[11]->tetra[2].strainRate: ( 6.54162e-29 -3.27081e-28  2.61665e-28) (    -1.5e-12   2.9427e-28 -9.80209e-29)
element[11]->tetra[3].strainRate: ( 6.54162e-29 -3.27081e-28  2.61665e-28) (    -1.5e-12   2.9427e-28 -9.80209e-29)
element[11]->tetra[4].strainRate: ( 6.54162e-29 -3.27081e-28  2.61665e-28) (    -1.5e-12   2.9427e-28 -9.80209e-29)
element[11]->tetra[5].strainRate: ( 6.54162e-29 -3.27081e-28  2.61665e-28) (    -1.5e-12   2.9427e-28 -9.80209e-29)
element[11]->tetra[6].strainRate: ( 6.54162e-29 -3.27081e-28  2.61665e-28) (    -1.5e-12   2.9427e-28 -9.80209e-29)
element[11]->tetra[7].strainRate: ( 6.54162e-29 -3.27081e-28  2.61665e-28) (    -1.5e-12   2.9427e-28 -9.80209e-29)
element[11]->tetra[8].strainRate: ( 6.54162e-29 -3.27081e-28  2.61665e-28) (    -1.5e-12   2.9427e-28 -9.80209e-29)
element[11]->tetra[9].strainRate: ( 6.54162e-29 -3.27081e-28  2.61665e-28) (    -1.5e-12   2.9427e-28 -9.80209e-29)
element[12]->tetra[0].strainRate: ( 1.66667e-12 -1.33333e-12 -1.33333e-12) ( 9.81243e-29  1.96249e-28 -9.80209e-29)
element[12]->tetra[1].strainRate: ( 1.66667e-12 -1.33333e-12 -1.33333e-12) ( 9.81243e-29  1.96249e-28 -9.80209e-29)
element[12]->tetra[2].strainRate: ( 1.66667e-12 -1.33333e-12 -1.33333e-12) ( 9.81243e-29  1.96249e-28 -9.80209e-29)
element[12]->tetra[3].strainRate: ( 1.66667e-12 -1.33333e-12 -1.33333e-12) ( 9.81243e-29  1.96249e-28 -9.80209e-29)
element[12]->tetra[4].strainRate: ( 1.66667e-12 -1.33333e-12 -1.33333e-12) ( 9.81243e-29  1.96249e-28 -9.80209e-29)
element[12]->tetra[5].strainRate: ( 1.66667e-12 -1.33333e-12 -1.33333e-12) ( 9.81243e-29  1.96249e-28 -9.80209e-29)
element[12]->tetra[6].strainRate: ( 1.66667e-12 -1.33333e-12 -1.33333e-12) ( 9.81243e-29  1.96249e-28 -9.80209e-29)
element[12]->tetra[7].strainRate: ( 1.66667e-12 -1.33333e-12 -1.33333e-12) ( 9.81243e-29  1.96249e-28 -9.80209e-29)
element[12]->tetra[8].strainRate: ( 1.66667e-12 -1.33333e-12 -1.33333e-12) ( 9.81243e-29  1.96249e-28 -9.80209e-29)
element[12]->tetra[9].strainRate: ( 1.66667e-12 -1.33333e-12 -1.33333e-12) ( 9.81243e-29  1.96249e-28 -9.80209e-29)
element[13]->tetra[0].strainRate: ( 6.54162e-29 -3.27081e-28  2.61665e-28) (          -0   2.9427e-28 -9.80209e-29)
element[13]->tetra[1].strainRate: ( 6.54162e-29 -3.27081e-28  2.61665e-28) (          -0   2.9427e-28 -9.80209e-29)
element[13]->tetra[2].strainRate: ( 6.54162e-29 -3.27081e-28  2.61665e-28) (          -0   2.9427e-28 -9.80209e-29)
element[13]->tetra[3].strainRate: ( 6.54162e-29 -3.27081e-28  2.61665e-28) (          -0   2.9427e-28 -9.80209e-29)
element[13]->tetra[4].strainRate: ( 6.54162e-29 -3.27081e-28  2.61665e-28) (          -0   2.9427e-28 -9.80209e-29)
element[13]->tetra[5].strainRate: ( 6.54162e-29 -3.27081e-28  2.61665e-28) (          -0   2.9427e-28 -9.80209e-29)
element[13]->tetra[6].strainRate: ( 6.54162e-29 -3.27081e-28  2.61665e-28) (          -0   2.9427e-28 -9.80209e-29)
element[13]->tetra[7].strainRate: ( 6.54162e-29 -3.27081e-28  2.61665e-28) (          -0   2.9427e-28 -9.80209e-29)
element[13]->tetra[8].strainRate: ( 6.54162e-29 -3.27081e-28  2.61665e-28) (          -0   2.9427e-28 -9.80209e-29)
element[13]->tetra[9].strainRate: ( 6.54162e-29 -3.27081e-28  2.61665e-28) (          -0   2.9427e-28 -9.80209e-29)
element[14]->tetra[0].strainRate: ( 6.54162e-29 -3.27081e-28  2.61665e-28) (    -1.5e-12   2.9427e-28 -9.80209e-29)
element[14]->tetra[1].strainRate: ( 6.54162e-29 -3.27081e-28  2.61665e-28) (    -1.5e-12   2.9427e-28 -9.80209e-29)
element[14]->tetra[2].strainRate: ( 6.54162e-29 -3.27081e-28  2.61665e-28) (    -1.5e-12   2.9427e-28 -9.80209e-29)
element[14]->tetra[3].strainRate: ( 6.54162e-29 -3.27081e-28  2.61665e-28) (    -1.5e-12   2.9427e-28 -9.80209e-29)
element[14]->tetra[4].strainRate: ( 6.54162e-29 -3.27081e-28  2.61665e-28) (    -1.5e-12   2.9427e-28 -9.80209e-29)
element[14]->tetra[5].strainRate: ( 6.54162e-29 -3.27081e-28  2.61665e-28) (    -1.5e-12   2.9427e-28 -9.80209e-29)
element[14]->tetra[6].strainRate: ( 6.54162e-29 -3.27081e-28  2.61665e-28) (    -1.5e-12   2.9427e-28 -9.80209e-29)
element[14]->tetra[7].strainRate: ( 6.54162e-29 -3.27081e-28  2.61665e-28) (    -1.5e-12   2.9427e-28 -9.80209e-29)
element[14]->tetra[8].strainRate: ( 6.54162e-29 -3.27081e-28  2.61665e-28) (    -1.5e-12   2.9427e-28 -9.80209e-29)
element[14]->tetra[9].strainRate: ( 6.54162e-29 -3.27081e-28  2.61665e-28) (    -1.5e-12   2.9427e-28 -9.80209e-29)
element[15]->tetra[0].strainRate: ( 1.66667e-12 -1.33333e-12 -1.33333e-12) ( 9.81243e-29  1.96249e-28 -9.80209e-29)
element[15]->tetra[1].strainRate: ( 1.66667e-12 -1.33333e-12 -1.33333e-12) ( 9.81243e-29  1.96249e-28 -9.80209e-29)
element[15]->tetra[2].strainRate: ( 1.66667e-12 -1.33333e-12 -1.33333e-12) ( 9.81243e-29  1.96249e-28 -9.80209e-29)
element[15]->tetra[3].strainRate: ( 1.66667e-12 -1.33333e-12 -1.33333e-12) ( 9.81243e-29  1.96249e-28 -9.80209e-29)
element[15]->tetra[4].strainRate: ( 1.66667e-12 -1.33333e-12 -1.33333e-12) ( 9.81243e-29  1.96249e-28 -9.80209e-29)
element[15]->tetra[5].strainRate: ( 1.66667e-12 -1.33333e-12 -1.33333e-12) ( 9.81243e-29  1.96249e-28 -9.80209e-29)
element[15]->tetra[6].strainRate: ( 1.66667e-12 -1.33333e-12 -1.33333e-12) ( 9.81243e-29  1.96249e-28 -9.80209e-29)
element[15]->tetra[7].strainRate: ( 1.66667e-12 -1.33333e-12 -1.33333e-12) ( 9.81243e-29  1.96249e-28 -9.80209e-29)
element[15]->tetra[8].strainRate: ( 1.66667e-12 -1.33333e-12 -1.33333e-12) ( 9.81243e-29  1.96249e-28 -9.80209e-29)
element[15]->tetra[9].strainRate: ( 1.66667e-12 -1.33333e-12 -1.33333e-12) ( 9.81243e-29  1.96249e-28 -9.80209e-29)
element[16]->tetra[0].strainRate: ( 6.54162e-29 -3.27081e-28  2.61665e-28) (          -0   2.9427e-28 -9.80209e-29)
element[16]->tetra[1].strainRate: ( 6.54162e-29 -3.27081e-28  2.61665e-28) (          -0   2.9427e-28 -9.80209e-29)
element[16]->tetra[2].strainRate: ( 6.54162e-29 -3.27081e-28  2.61665e-28) (          -0   2.9427e-28 -9.80209e-29)
element[16]->tetra[3].strainRate: ( 6.54162e-29 -3.27081e-28  2.61665e-28) (          -0   2.9427e-28 -9.80209e-29)
element[16]->tetra[4].strainRate: ( 6.54162e-29 -3.27081e-28  2.61665e-28) (          -0   2.9427e-28 -9.80209e-29)
element[16]->tetra[5].strainRate: ( 6.54162e-29 -3.27081e-28  2.61665e-28) (          -0   2.9427e-28 -9.80209e-29)
element[16]->tetra[6].strainRate: ( 6.54162e-29 -3.27081e-28  2.61665e-28) (          -0   2.9427e-28 -9.80209e-29)
element[16]->tetra[7].strainRate: ( 6.54162e-29 -3.27081e-28  2.61665e-28) (          -0   2.9427e-28 -9.80209e-29)
element[16]->tetra[8].strainRate: ( 6.54162e-29 -3.27081e-28  2.61665e-28) (          -0   2.9427e-28 -9.80209e-29)
element[16]->tetra[9].strainRate: ( 6.54162e-29 -3.27081e-28  2.61665e-28) (          -0   2.9427e-28 -9.80209e-29)
element[17]->tetra[0].strainRate: ( 6.54162e-29 -3.27081e-28  2.61665e-28) (    -1.5e-12   2.9427e-28 -9.80209e-29)
element[17]->tetra[1].strainRate: ( 6.54162e-29 -3.27081e-28  2.61665e-28) (    -1.5e-12   2.9427e-28 -9.80209e-29)
element[17]->tetra[2].strainRate: ( 6.54162e-29 -3.27081e-28  2.61665e-28) (    -1.5e-12   2.9427e-28 -9.80209e-29)
element[17]->tetra[3].strainRate: ( 6.54162e-29 -3.27081e-28  2.61665e-28) (    -1.5e-12   2.9427e-28 -9.80209e-29)
element[17]->tetra[4].strainRate: ( 6.54162e-29 -3.27081e-28  2.61665e-28) (    -1.5e-12   2.9427e-28 -9.80209e-29)
element[17]->tetra[5].strainRate: ( 6.54162e-29 -3.27081e-28  2.61665e-28) (    -1.5e-12   2.9427e-28 -9.80209e-29)
element[17]->tetra[6].strainRate: ( 6.54162e-29 -3.27081e-28  2.61665e-28) (    -1.5e-12   2.9427e-28 -9.80209e-29)
element[17]->tetra[7].strainRate: ( 6.54162e-29 -3.27081e-28  2.61665e-28) (    -1.5e-12   2.9427e-28 -9.80209e-29)
element[17]->tetra[8].strainRate: ( 6.54162e-29 -3.27081e-28  2.61665e-28) (    -1.5e-12   2.9427e-28 -9.80209e-29)
element[17]->tetra[9].strainRate: ( 6.54162e-29 -3.27081e-28  2.61665e-28) (    -1.5e-12   2.9427e-28 -9.80209e-29)
element[18]->tetra[0].strainRate: ( 1.66667e-12 -1.33333e-12 -1.33333e-12) ( 9.81243e-29  1.96249e-28     -1.5e-12)
element[18]->tetra[1].strainRate: ( 1.66667e-12 -1.33333e-12 -1.33333e-12) ( 9.81243e-29  1.96249e-28     -1.5e-12)
element[18]->tetra[2].strainRate: ( 1.66667e-12 -1.33333e-12 -1.33333e-12) ( 9.81243e-29  1.96249e-28     -1.5e-12)
element[18]->tetra[3].strainRate: ( 1.66667e-12 -1.33333e-12 -1.33333e-12) ( 9.81243e-29  1.96249e-28     -1.5e-12)
element[18]->tetra[4].strainRate: ( 1.66667e-12 -1.33333e-12 -1.33333e-12) ( 9.81243e-29  1.96249e-28     -1.5e-12)
element[18]->tetra[5].strainRate: ( 1.66667e-12 -1.33333e-12 -1.33333e-12) ( 9.81243e-29  1.96249e-28     -1.5e-12)
element[18]->tetra[6].strainRate: ( 1.66667e-12 -1.33333e-12 -1.33333e-12) ( 9.81243e-29  1.96249e-28     -1.5e-12)
element[18]->tetra[7].strainRate: ( 1.66667e-12 -1.33333e-12 -1.33333e-12) ( 9.81243e-29  1.96249e-28     -1.5e-12)
element[18]->tetra[8].strainRate: ( 1.66667e-12 -1.33333e-12 -1.33333e-12) ( 9.81243e-29  1.96249e-28     -1.5e-12)
element[18]->tetra[9].strainRate: ( 1.66667e-12 -1.33333e-12 -1.33333e-12) ( 9.81243e-29  1.96249e-28     -1.5e-12)
element[19]->tetra[0].strainRate: ( 6.54162e-29 -3.27081e-28  2.61665e-28) (          -0   2.9427e-28     -1.5e-12)
element[19]->tetra[1].strainRate: ( 6.54162e-29 -3.27081e-28  2.61665e-28) (          -0   2.9427e-28     -1.5e-12)
element[19]->tetra[2].strainRate: ( 6.54162e-29 -3.27081e-28  2.61665e-28) (          -0   2.9427e-28     -1.5e-12)
element[19]->tetra[3].strainRate: ( 6.54162e-29 -3.27081e-28  2.61665e-28) (          -0   2.9427e-28     -1.5e-12)
element[19]->tetra[4].strainRate: ( 6.54162e-29 -3.27081e-28  2.61665e-28) (          -0   2.9427e-28     -1.5e-12)
element[19]->tetra[5].strainRate: ( 6.54162e-29 -3.27081e-28  2.61665e-28) (          -0   2.9427e-28     -1.5e-12)
element[19]->tetra[6].strainRate: ( 6.54162e-29 -3.27081e-28  2.61665e-28) (          -0   2.9427e-28     -1.5e-12)
element[19]->tetra[7].strainRate: ( 6.54162e-29 -3.27081e-28  2.61665e-28) (          -0   2.9427e-28     -1.5e-12)
element[19]->tetra[8].strainRate: ( 6.54162e-29 -3.27081e-28  2.61665e-28) (          -0   2.9427e-28     -1.5e-12)
element[19]->tetra[9].strainRate: ( 6.54162e-29 -3.27081e-28  2.61665e-28) (          -0   2.9427e-28     -1.5e-12)
element[20]->tetra[0].strainRate: (-8.33333e-14 -8.33333e-14 -8.33333e-14) (    -1.5e-12   2.9427e-28     -1.5e-12)
element[20]->tetra[1].strainRate: (-8.33333e-14 -8.33333e-14 -8.33333e-14) (    -1.5e-12   2.9427e-28     -1.5e-12)
element[20]->tetra[2].strainRate: (-8.33333e-14 -8.33333e-14 -8.33333e-14) (    -1.5e-12   2.9427e-28     -1.5e-12)
element[20]->tetra[3].strainRate: (-8.33333e-14 -8.33333e-14 -8.33333e-14) (    -1.5e-12   2.9427e-28     -1.5e-12)
element[20]->tetra[4].strainRate: (-8.33333e-14 -8.33333e-14 -8.33333e-14) (    -1.5e-12   2.9427e-28     -1.5e-12)
element[20]->tetra[5].strainRate: (-8.33333e-14 -8.33333e-14 -8.33333e-14) (    -1.5e-12   2.9427e-28     -1.5e-12)
element[20]->tetra[6].strainRate: (-8.33333e-14 -8.33333e-14 -8.33333e-14) (    -1.5e-12   2.9427e-28     -1.5e-12)
element[20]->tetra[7].strainRate: (-8.33333e-14 -8.33333e-14 -8.33333e-14) (    -1.5e-12   2.9427e-28     -1.5e-12)
element[20]->tetra[8].strainRate: (-8.33333e-14 -8.33333e-14 -8.33333e-14) (    -1.5e-12   2.9427e-28     -1.5e-12)
element[20]->tetra[9].strainRate: (-8.33333e-14 -8.33333e-14 -8.33333e-14) (    -1.5e-12   2.9427e-28     -1.5e-12)
element[21]->tetra[0].strainRate: ( 1.66667e-12 -1.33333e-12 -1.33333e-12) ( 9.81243e-29  1.96249e-28     -1.5e-12)
element[21]->tetra[1].strainRate: ( 1.66667e-12 -1.33333e-12 -1.33333e-12) ( 9.81243e-29  1.96249e-28     -1.5e-12)
element[21]->tetra[2].strainRate: ( 1.66667e-12 -1.33333e-12 -1.33333e-12) ( 9.81243e-29  1.96249e-28     -1.5e-12)
element[21]->tetra[3].strainRate: ( 1.66667e-12 -1.33333e-12 -1.33333e-12) ( 9.81243e-29  1.96249e-28     -1.5e-12)
element[21]->tetra[4].strainRate: ( 1.66667e-12 -1.33333e-12 -1.33333e-12) ( 9.81243e-29  1.96249e-28     -1.5e-12)
element[21]->tetra[5].strainRate: ( 1.66667e-12 -1.33333e-12 -1.33333e-12) ( 9.81243e-29  1.96249e-28     -1.5e-12)
element[21]->tetra[6].strainRate: ( 1.66667e-12 -1.33333e-12 -1.33333e-12) ( 9.81243e-29  1.96249e-28     -1.5e-12)
element[21]->tetra[7].strainRate: ( 1.66667e-12 -1.33333e-12 -1.33333e-12) ( 9.81243e-29  1.96249e-28     -1.5e-12)
element[21]->tetra[8].strainRate: ( 1.66667e-12 -1.33333e-12 -1.33333e-12) ( 9.81243e-29  1.96249e-28     -1.5e-12)
element[21]->tetra[9].strainRate: ( 1.66667e-12 -1.33333e-12 -1.33333e-12) ( 9.81243e-29  1.96249e-28     -1.5e-12)
element[22]->tetra[0].strainRate: ( 6.54162e-29 -3.27081e-28  2.61665e-28) (          -0   2.9427e-28     -1.5e-12)
element[22]->tetra[1].strainRate: ( 6.54162e-29 -3.27081e-28  2.61665e-28) (          -0   2.9427e-28     -1.5e-12)
element[22]->tetra[2].strainRate: ( 6.54162e-29 -3.27081e-28  2.61665e-28) (          -0   2.9427e-28     -1.5e-12)
element[22]->tetra[3].strainRate: ( 6.54162e-29 -3.27081e-28  2.61665e-28) (          -0   2.9427e-28     -1.5e-12)
element[22]->tetra[4].strainRate: ( 6.54162e-29 -3.27081e-28  2.61665e-28) (          -0   2.9427e-28     -1.5e-12)
element[22]->tetra[5].strainRate: ( 6.54162e-29 -3.27081e-28  2.61665e-28) (          -0   2.9427e-28     -1.5e-12)
element[22]->tetra[6].strainRate: ( 6.54162e-29 -3.27081e-28  2.61665e-28) (          -0   2.9427e-28     -1.5e-12)
element[22]->tetra[7].strainRate: ( 6.54162e-29 -3.27081e-28  2.61665e-28) (          -0   2.9427e-28     -1.5e-12)
element[22]->tetra[8].strainRate: ( 6.54162e-29 -3.27081e-28  2.61665e-28) (          -0   2.9427e-28     -1.5e-12)
element[22]->tetra[9].strainRate: ( 6.54162e-29 -3.27081e-28  2.61665e-28) (          -0   2.9427e-28     -1.5e-12)
element[23]->tetra[0].strainRate: (-8.33333e-14 -8.33333e-14 -8.33333e-14) (    -1.5e-12   2.9427e-28     -1.5e-12)
element[23]->tetra[1].strainRate: (-8.33333e-14 -8.33333e-14 -8.33333e-14) (    -1.5e-12   2.9427e-28     -1.5e-12)
element[23]->tetra[2].strainRate: (-8.33333e-14 -8.33333e-14 -8.33333e-14) (    -1.5e-12   2.9427e-28     -1.5e-12)
element[23]->tetra[3].strainRate: (-8.33333e-14 -8.33333e-14 -8.33333e-14) (    -1.5e-12   2.9427e-28     -1.5e-12)
element[23]->tetra[4].strainRate: (-8.33333e-14 -8.33333e-14 -8.33333e-14) (    -1.5e-12   2.9427e-28     -1.5e-12)
element[23]->tetra[5].strainRate: (-8.33333e-14 -8.33333e-14 -8.33333e-14) (    -1.5e-12   2.9427e-28     -1.5e-12)
element[23]->tetra[6].strainRate: (-8.33333e-14 -8.33333e-14 -8.33333e-14) (    -1.5e-12   2.9427e-28     -1.5e-12)
element[23]->tetra[7].strainRate: (-8.33333e-14 -8.33333e-14 -8.33333e-14) (    -1.5e-12   2.9427e-28     -1.5e-12)
element[23]->tetra[8].strainRate: (-8.33333e-14 -8.33333e-14 -8.33333e-14) (    -1.5e-12   2.9427e-28     -1.5e-12)
element[23]->tetra[9].strainRate: (-8.33333e-14 -8.33333e-14 -8.33333e-14) (    -1.5e-12   2.9427e-28     -1.5e-12)
element[24]->tetra[0].strainRate: ( 1.66667e-12 -1.33333e-12 -1.33333e-12) ( 9.81243e-29  1.96249e-28     -1.5e-12)
element[24]->tetra[1].strainRate: ( 1.66667e-12 -1.33333e-12 -1.33333e-12) ( 9.81243e-29  1.96249e-28     -1.5e-12)
element[24]->tetra[2].strainRate: ( 1.66667e-12 -1.33333e-12 -1.33333e-12) ( 9.81243e-29  1.96249e-28     -1.5e-12)
element[24]->tetra[3].strainRate: ( 1.66667e-12 -1.33333e-12 -1.33333e-12) ( 9.81243e-29  1.96249e-28     -1.5e-12)
element[24]->tetra[4].strainRate: ( 1.66667e-12 -1.33333e-12 -1.33333e-12) ( 9.81243e-29  1.96249e-28     -1.5e-12)
element[24]->tetra[5].strainRate: ( 1.66667e-12 -1.33333e-12 -1.33333e-12) ( 9.81243e-29  1.96249e-28     -1.5e-12)
element[24]->tetra[6].strainRate: ( 1.66667e-12 -1.33333e-12 -1.33333e-12) ( 9.81243e-29  1.96249e-28     -1.5e-12)
element[24]->tetra[7].strainRate: ( 1.66667e-12 -1.33333e-12 -1.33333e-12) ( 9.81243e-29  1.96249e-28     -1.5e-12)
element[24]->tetra[8].strainRate: ( 1.66667e-12 -1.33333e-12 -1.33333e-12) ( 9.81243e-29  1.96249e-28     -1.5e-12)
element[24]->tetra[9].strainRate: ( 1.66667e-12 -1.33333e-12 -1.33333e-12) ( 9.81243e-29  1.96249e-28     -1.5e-12)
element[25]->tetra[0].strainRate: ( 6.54162e-29 -3.27081e-28  2.61665e-28) (          -0   2.9427e-28     -1.5e-12)
element[25]->tetra[1].strainRate: ( 6.54162e-29 -3.27081e-28  2.61665e-28) (          -0   2.9427e-28     -1.5e-12)
element[25]->tetra[2].strainRate: ( 6.54162e-29 -3.27081e-28  2.61665e-28) (          -0   2.9427e-28     -1.5e-12)
element[25]->tetra[3].strainRate: ( 6.54162e-29 -3.27081e-28  2.61665e-28) (          -0   2.9427e-28     -1.5e-12)
element[25]->tetra[4].strainRate: ( 6.54162e-29 -3.27081e-28  2.61665e-28) (          -0   2.9427e-28     -1.5e-12)
element[25]->tetra[5].strainRate: ( 6.54162e-29 -3.27081e-28  2.61665e-28) (          -0   2.9427e-28     -1.5e-12)
element[25]->tetra[6].strainRate: ( 6.54162e-29 -3.27081e-28  2.61665e-28) (          -0   2.9427e-28     -1.5e-12)
element[25]->tetra[7].strainRate: ( 6.54162e-29 -3.27081e-28  2.61665e-28) (          -0   2.9427e-28     -1.5e-12)
element[25]->tetra[8].strainRate: ( 6.54162e-29 -3.27081e-28  2.61665e-28) (          -0   2.9427e-28     -1.5e-12)
element[25]->tetra[9].strainRate: ( 6.54162e-29 -3.27081e-28  2.61665e-28) (          -0   2.9427e-28     -1.5e-12)
element[26]->tetra[0].strainRate: (-8.33333e-14 -8.33333e-14 -8.33333e-14) (    -1.5e-12   2.9427e-28     -1.5e-12)
element[26]->tetra[1].strainRate: (-8.33333e-14 -8.33333e-14 -8.33333e-14) (    -1.5e-12   2.9427e-28     -1.5e-12)
element[26]->tetra[2].strainRate: (-8.33333e-14 -8.33333e-14 -8.33333e-14) (    -1.5e-12   2.9427e-28     -1.5e-12)
element[26]->tetra[3].strainRate: (-8.33333e-14 -8.33333e-14 -8.33333e-14) (    -1.5e-12   2.9427e-28     -1.5e-12)
element[26]->tetra[4].strainRate: (-8.33333e-14 -8.33333e-14 -8.33333e-14) (    -1.5e-12   2.9427e-28     -1.5e-12)
element[26]->tetra[5].strainRate: (-8.33333e-14 -8.33333e-14 -8.33333e-14) (    -1.5e-12   2.9427e-28     -1.5e-12)
element[26]->tetra[6].strainRate: (-8.33333e-14 -8.33333e-14 -8.33333e-14) (    -1.5e-12   2.9427e-28     -1.5e-12)
element[26]->tetra[7].strainRate: (-8.33333e-14 -8.33333e-14 -8.33333e-14) (    -1.5e-12   2.9427e-28     -1.5e-12)
element[26]->tetra[8].strainRate: (-8.33333e-14 -8.33333e-14 -8.33333e-14) (    -1.5e-12   2.9427e-28     -1.5e-12)
element[26]->tetra[9].strainRate: (-8.33333e-14 -8.33333e-14 -8.33333e-14) (    -1.5e-12   2.9427e-28     -1.5e-12)
