SpaceFillerParticleLayout (ptr): 0x8064654:
	GlobalParticleLayout (ptr): 0x8064654
	ParticleLayout (ptr): 0x8064654
	Stg_Class (ptr): 0x8064654
		sizeOfSelf: 124
		_deleteSelf: Yes
		type: SpaceFillerParticleLayout
		_delete (func ptr): 0xb7ef9e68
		_print (func ptr): 0xb7ef9ebe
		_copy (func ptr): 0xb7ef9f4d
		_setInitialCounts (func ptr): 0xb7ef23f3
		_initialiseParticles (func ptr): 0xb7efa151
		coordSystem: GlobalCoordSystem
		weightsInitialisedAtStartup : False
		_initialiseParticle (func ptr): 0xb7efa181
		totalInitialParticles: 160
		averageInitialParticlesPerCell: 20
	self->dim = 3
Printing coords of all local particles, cell-by-cell:
	Local Cell   0:
		part. InCell   0 (local index      2): (     50,      75,    37.5)
		part. InCell   1 (local index      8): (   87.5,   18.75,  15.625)
		part. InCell   2 (local index      9): (   37.5,   93.75,  28.125)
		part. InCell   3 (local index     16): (   6.25,  71.875,  82.812)
		part. InCell   4 (local index     17): (  56.25,  46.875,  70.312)
		part. InCell   5 (local index     23): (  93.75,  53.125,  98.438)
		part. InCell   6 (local index     26): (  43.75,  28.125,  60.938)
		part. InCell   7 (local index     35): ( 84.375,  26.562,  49.219)
		part. InCell   8 (local index     38): ( 34.375,  51.562,  11.719)
		part. InCell   9 (local index     44): ( 21.875,  45.312,  33.594)
		part. InCell  10 (local index     45): ( 71.875,  70.312,  21.094)
		part. InCell  11 (local index     52): ( 78.125,  98.438,  66.406)
		part. InCell  12 (local index     53): ( 28.125,  23.438,  78.906)
		part. InCell  13 (local index     59): ( 15.625,  79.688,  50.781)
		part. InCell  14 (local index     62): ( 65.625,  4.6875,  88.281)
		part. InCell  15 (local index     64): ( 32.812,  7.0312,  69.141)
		part. InCell  16 (local index     65): ( 82.812,  82.031,  81.641)
		part. InCell  17 (local index     71): ( 70.312,  13.281,  59.766)
		part. InCell  18 (local index     74): ( 20.312,  88.281,  97.266)
		part. InCell  19 (local index     79): ( 26.562,  66.406,  39.453)
	Local Cell   1:
		part. InCell   0 (local index      3): (    125,    62.5,   68.75)
		part. InCell   1 (local index      6): (    175,    37.5,   81.25)
		part. InCell   2 (local index     12): (  162.5,   56.25,  59.375)
		part. InCell   3 (local index     13): (  112.5,   31.25,  96.875)
		part. InCell   4 (local index     20): ( 131.25,   9.375,  39.062)
		part. InCell   5 (local index     21): ( 181.25,  84.375,  1.5625)
		part. InCell   6 (local index     27): ( 168.75,  15.625,  29.688)
		part. InCell   7 (local index     30): ( 118.75,  90.625,  17.188)
		part. InCell   8 (local index     31): ( 159.38,  89.062,  80.469)
		part. InCell   9 (local index     34): ( 109.38,  14.062,  67.969)
		part. InCell  10 (local index     40): ( 146.88,  82.812,  89.844)
		part. InCell  11 (local index     41): ( 196.88,  7.8125,  52.344)
		part. InCell  12 (local index     48): ( 153.12,  35.938,  10.156)
		part. InCell  13 (local index     49): ( 103.12,  60.938,  47.656)
		part. InCell  14 (local index     55): ( 140.62,  42.188,  19.531)
		part. InCell  15 (local index     58): ( 190.62,  67.188,  32.031)
		part. InCell  16 (local index     68): ( 107.81,  69.531, 0.39062)
		part. InCell  17 (local index     69): ( 157.81,  44.531,  37.891)
		part. InCell  18 (local index     75): ( 195.31,  50.781,  16.016)
		part. InCell  19 (local index     78): ( 145.31,  25.781,  28.516)
	Local Cell   2:
		part. InCell   0 (local index      4): (     25,   112.5,   93.75)
		part. InCell   1 (local index      5): (     75,   187.5,   56.25)
		part. InCell   2 (local index     11): (   62.5,  106.25,  84.375)
		part. InCell   3 (local index     14): (   12.5,  181.25,  71.875)
		part. InCell   4 (local index     19): (  31.25,  159.38,  14.062)
		part. InCell   5 (local index     22): (  81.25,  134.38,  26.562)
		part. InCell   6 (local index     28): (  68.75,  165.62,  4.6875)
		part. InCell   7 (local index     29): (  18.75,  140.62,  42.188)
		part. InCell   8 (local index     32): ( 59.375,  139.06,  55.469)
		part. InCell   9 (local index     33): (  9.375,  164.06,  92.969)
		part. InCell  10 (local index     39): ( 46.875,  132.81,  64.844)
		part. InCell  11 (local index     42): ( 96.875,  157.81,  77.344)
		part. InCell  12 (local index     47): ( 53.125,  185.94,  35.156)
		part. InCell  13 (local index     50): (  3.125,  110.94,  22.656)
		part. InCell  14 (local index     56): ( 40.625,  192.19,  44.531)
		part. InCell  15 (local index     57): ( 90.625,  117.19,  7.0312)
		part. InCell  16 (local index     67): ( 7.8125,  119.53,  25.391)
		part. InCell  17 (local index     70): ( 57.812,  194.53,  12.891)
		part. InCell  18 (local index     76): ( 95.312,  100.78,  41.016)
		part. InCell  19 (local index     77): ( 45.312,  175.78,  3.5156)
	Local Cell   3:
		part. InCell   0 (local index      0): (    100,     150,      25)
		part. InCell   1 (local index      1): (    150,     125,    12.5)
		part. InCell   2 (local index      7): (  187.5,  168.75,  40.625)
		part. InCell   3 (local index     10): (  137.5,  143.75,   3.125)
		part. InCell   4 (local index     15): ( 106.25,  121.88,  57.812)
		part. InCell   5 (local index     18): ( 156.25,  196.88,  95.312)
		part. InCell   6 (local index     24): ( 193.75,  103.12,  73.438)
		part. InCell   7 (local index     25): ( 143.75,  178.12,  85.938)
		part. InCell   8 (local index     36): ( 184.38,  176.56,  24.219)
		part. InCell   9 (local index     37): ( 134.38,  101.56,  36.719)
		part. InCell  10 (local index     43): ( 121.88,  195.31,  8.5938)
		part. InCell  11 (local index     46): ( 171.88,  120.31,  46.094)
		part. InCell  12 (local index     51): ( 178.12,  148.44,  91.406)
		part. InCell  13 (local index     54): ( 128.12,  173.44,  53.906)
		part. InCell  14 (local index     60): ( 115.62,  129.69,  75.781)
		part. InCell  15 (local index     61): ( 165.62,  154.69,  63.281)
		part. InCell  16 (local index     63): ( 132.81,  157.03,  94.141)
		part. InCell  17 (local index     66): ( 182.81,  132.03,  56.641)
		part. InCell  18 (local index     72): ( 170.31,  163.28,  84.766)
		part. InCell  19 (local index     73): ( 120.31,  138.28,  72.266)
