StGermain Framework revision 3570. Copyright (C) 2003-2005 VPAC.
Corner Node Layout
Current processor is 3 of 4 in use (4 total).
allowUnusedCPUs: True
allowPartitionOnNode: True
allowPartitionOnElement: False
allowUnbalancing: False
shadowDepth: 2
procTopology:
	IJKTopology (ptr): (0x8060cb0)
		size : (2,2,1)
		isPeriodic : (False,False,False)
		dynamicSizes : True
partitionedAxis: { True, True, False }
partitionCounts: { 2, 2, 1 }
elementGlobalCounts: { 4, 4, 4 }
elementGlobalCount: 64
	elementLocalCounts[0]: { 2, 2, 4 }
	elementLocalCounts[1]: { 2, 2, 4 }
	elementLocalCounts[2]: { 2, 2, 4 }
	elementLocalCounts[3]: { 2, 2, 4 }
elementDomainCounts: { 4, 4, 4 }
nodeGlobalCounts: { 5, 5, 5 }
nodeGlobalCount: 125
	nodeLocalCounts[0]: { 3, 3, 5 }
	nodeLocalCounts[1]: { 3, 3, 5 }
	nodeLocalCounts[2]: { 3, 3, 5 }
	nodeLocalCounts[3]: { 3, 3, 5 }
Element, global: 0 - local: X - shadow: 0 - domain: 16
Element, global: 1 - local: X - shadow: 1 - domain: 17
Element, global: 2 - local: X - shadow: 2 - domain: 18
Element, global: 3 - local: X - shadow: 3 - domain: 19
Element, global: 4 - local: X - shadow: 4 - domain: 20
Element, global: 5 - local: X - shadow: 5 - domain: 21
Element, global: 6 - local: X - shadow: 6 - domain: 22
Element, global: 7 - local: X - shadow: 7 - domain: 23
Element, global: 8 - local: X - shadow: 8 - domain: 24
Element, global: 9 - local: X - shadow: 9 - domain: 25
Element, global: 10 - local: 0 - shadow: X - domain: 0
Element, global: 11 - local: 1 - shadow: X - domain: 1
Element, global: 12 - local: X - shadow: 10 - domain: 26
Element, global: 13 - local: X - shadow: 11 - domain: 27
Element, global: 14 - local: 2 - shadow: X - domain: 2
Element, global: 15 - local: 3 - shadow: X - domain: 3
Element, global: 16 - local: X - shadow: 12 - domain: 28
Element, global: 17 - local: X - shadow: 13 - domain: 29
Element, global: 18 - local: X - shadow: 14 - domain: 30
Element, global: 19 - local: X - shadow: 15 - domain: 31
Element, global: 20 - local: X - shadow: 16 - domain: 32
Element, global: 21 - local: X - shadow: 17 - domain: 33
Element, global: 22 - local: X - shadow: 18 - domain: 34
Element, global: 23 - local: X - shadow: 19 - domain: 35
Element, global: 24 - local: X - shadow: 20 - domain: 36
Element, global: 25 - local: X - shadow: 21 - domain: 37
Element, global: 26 - local: 4 - shadow: X - domain: 4
Element, global: 27 - local: 5 - shadow: X - domain: 5
Element, global: 28 - local: X - shadow: 22 - domain: 38
Element, global: 29 - local: X - shadow: 23 - domain: 39
Element, global: 30 - local: 6 - shadow: X - domain: 6
Element, global: 31 - local: 7 - shadow: X - domain: 7
Element, global: 32 - local: X - shadow: 24 - domain: 40
Element, global: 33 - local: X - shadow: 25 - domain: 41
Element, global: 34 - local: X - shadow: 26 - domain: 42
Element, global: 35 - local: X - shadow: 27 - domain: 43
Element, global: 36 - local: X - shadow: 28 - domain: 44
Element, global: 37 - local: X - shadow: 29 - domain: 45
Element, global: 38 - local: X - shadow: 30 - domain: 46
Element, global: 39 - local: X - shadow: 31 - domain: 47
Element, global: 40 - local: X - shadow: 32 - domain: 48
Element, global: 41 - local: X - shadow: 33 - domain: 49
Element, global: 42 - local: 8 - shadow: X - domain: 8
Element, global: 43 - local: 9 - shadow: X - domain: 9
Element, global: 44 - local: X - shadow: 34 - domain: 50
Element, global: 45 - local: X - shadow: 35 - domain: 51
Element, global: 46 - local: 10 - shadow: X - domain: 10
Element, global: 47 - local: 11 - shadow: X - domain: 11
Element, global: 48 - local: X - shadow: 36 - domain: 52
Element, global: 49 - local: X - shadow: 37 - domain: 53
Element, global: 50 - local: X - shadow: 38 - domain: 54
Element, global: 51 - local: X - shadow: 39 - domain: 55
Element, global: 52 - local: X - shadow: 40 - domain: 56
Element, global: 53 - local: X - shadow: 41 - domain: 57
Element, global: 54 - local: X - shadow: 42 - domain: 58
Element, global: 55 - local: X - shadow: 43 - domain: 59
Element, global: 56 - local: X - shadow: 44 - domain: 60
Element, global: 57 - local: X - shadow: 45 - domain: 61
Element, global: 58 - local: 12 - shadow: X - domain: 12
Element, global: 59 - local: 13 - shadow: X - domain: 13
Element, global: 60 - local: X - shadow: 46 - domain: 62
Element, global: 61 - local: X - shadow: 47 - domain: 63
Element, global: 62 - local: 14 - shadow: X - domain: 14
Element, global: 63 - local: 15 - shadow: X - domain: 15

Element, local: 0 - global: 10
Element, local: 1 - global: 11
Element, local: 2 - global: 14
Element, local: 3 - global: 15
Element, local: 4 - global: 26
Element, local: 5 - global: 27
Element, local: 6 - global: 30
Element, local: 7 - global: 31
Element, local: 8 - global: 42
Element, local: 9 - global: 43
Element, local: 10 - global: 46
Element, local: 11 - global: 47
Element, local: 12 - global: 58
Element, local: 13 - global: 59
Element, local: 14 - global: 62
Element, local: 15 - global: 63

Element, domain: 0 - global: 10
Element, domain: 1 - global: 11
Element, domain: 2 - global: 14
Element, domain: 3 - global: 15
Element, domain: 4 - global: 26
Element, domain: 5 - global: 27
Element, domain: 6 - global: 30
Element, domain: 7 - global: 31
Element, domain: 8 - global: 42
Element, domain: 9 - global: 43
Element, domain: 10 - global: 46
Element, domain: 11 - global: 47
Element, domain: 12 - global: 58
Element, domain: 13 - global: 59
Element, domain: 14 - global: 62
Element, domain: 15 - global: 63
Element, domain: 16 - global: 0
Element, domain: 17 - global: 1
Element, domain: 18 - global: 2
Element, domain: 19 - global: 3
Element, domain: 20 - global: 4
Element, domain: 21 - global: 5
Element, domain: 22 - global: 6
Element, domain: 23 - global: 7
Element, domain: 24 - global: 8
Element, domain: 25 - global: 9
Element, domain: 26 - global: 12
Element, domain: 27 - global: 13
Element, domain: 28 - global: 16
Element, domain: 29 - global: 17
Element, domain: 30 - global: 18
Element, domain: 31 - global: 19
Element, domain: 32 - global: 20
Element, domain: 33 - global: 21
Element, domain: 34 - global: 22
Element, domain: 35 - global: 23
Element, domain: 36 - global: 24
Element, domain: 37 - global: 25
Element, domain: 38 - global: 28
Element, domain: 39 - global: 29
Element, domain: 40 - global: 32
Element, domain: 41 - global: 33
Element, domain: 42 - global: 34
Element, domain: 43 - global: 35
Element, domain: 44 - global: 36
Element, domain: 45 - global: 37
Element, domain: 46 - global: 38
Element, domain: 47 - global: 39
Element, domain: 48 - global: 40
Element, domain: 49 - global: 41
Element, domain: 50 - global: 44
Element, domain: 51 - global: 45
Element, domain: 52 - global: 48
Element, domain: 53 - global: 49
Element, domain: 54 - global: 50
Element, domain: 55 - global: 51
Element, domain: 56 - global: 52
Element, domain: 57 - global: 53
Element, domain: 58 - global: 54
Element, domain: 59 - global: 55
Element, domain: 60 - global: 56
Element, domain: 61 - global: 57
Element, domain: 62 - global: 60
Element, domain: 63 - global: 61

Node, global: 0 - local: X - shadow: 0 - domain: 45
Node, global: 1 - local: X - shadow: 1 - domain: 46
Node, global: 2 - local: X - shadow: 2 - domain: 47
Node, global: 3 - local: X - shadow: 3 - domain: 48
Node, global: 4 - local: X - shadow: 4 - domain: 49
Node, global: 5 - local: X - shadow: 5 - domain: 50
Node, global: 6 - local: X - shadow: 6 - domain: 51
Node, global: 7 - local: X - shadow: 7 - domain: 52
Node, global: 8 - local: X - shadow: 8 - domain: 53
Node, global: 9 - local: X - shadow: 9 - domain: 54
Node, global: 10 - local: X - shadow: 10 - domain: 55
Node, global: 11 - local: X - shadow: 11 - domain: 56
Node, global: 12 - local: 0 - shadow: X - domain: 0
Node, global: 13 - local: 1 - shadow: X - domain: 1
Node, global: 14 - local: 2 - shadow: X - domain: 2
Node, global: 15 - local: X - shadow: 12 - domain: 57
Node, global: 16 - local: X - shadow: 13 - domain: 58
Node, global: 17 - local: 3 - shadow: X - domain: 3
Node, global: 18 - local: 4 - shadow: X - domain: 4
Node, global: 19 - local: 5 - shadow: X - domain: 5
Node, global: 20 - local: X - shadow: 14 - domain: 59
Node, global: 21 - local: X - shadow: 15 - domain: 60
Node, global: 22 - local: 6 - shadow: X - domain: 6
Node, global: 23 - local: 7 - shadow: X - domain: 7
Node, global: 24 - local: 8 - shadow: X - domain: 8
Node, global: 25 - local: X - shadow: 16 - domain: 61
Node, global: 26 - local: X - shadow: 17 - domain: 62
Node, global: 27 - local: X - shadow: 18 - domain: 63
Node, global: 28 - local: X - shadow: 19 - domain: 64
Node, global: 29 - local: X - shadow: 20 - domain: 65
Node, global: 30 - local: X - shadow: 21 - domain: 66
Node, global: 31 - local: X - shadow: 22 - domain: 67
Node, global: 32 - local: X - shadow: 23 - domain: 68
Node, global: 33 - local: X - shadow: 24 - domain: 69
Node, global: 34 - local: X - shadow: 25 - domain: 70
Node, global: 35 - local: X - shadow: 26 - domain: 71
Node, global: 36 - local: X - shadow: 27 - domain: 72
Node, global: 37 - local: 9 - shadow: X - domain: 9
Node, global: 38 - local: 10 - shadow: X - domain: 10
Node, global: 39 - local: 11 - shadow: X - domain: 11
Node, global: 40 - local: X - shadow: 28 - domain: 73
Node, global: 41 - local: X - shadow: 29 - domain: 74
Node, global: 42 - local: 12 - shadow: X - domain: 12
Node, global: 43 - local: 13 - shadow: X - domain: 13
Node, global: 44 - local: 14 - shadow: X - domain: 14
Node, global: 45 - local: X - shadow: 30 - domain: 75
Node, global: 46 - local: X - shadow: 31 - domain: 76
Node, global: 47 - local: 15 - shadow: X - domain: 15
Node, global: 48 - local: 16 - shadow: X - domain: 16
Node, global: 49 - local: 17 - shadow: X - domain: 17
Node, global: 50 - local: X - shadow: 32 - domain: 77
Node, global: 51 - local: X - shadow: 33 - domain: 78
Node, global: 52 - local: X - shadow: 34 - domain: 79
Node, global: 53 - local: X - shadow: 35 - domain: 80
Node, global: 54 - local: X - shadow: 36 - domain: 81
Node, global: 55 - local: X - shadow: 37 - domain: 82
Node, global: 56 - local: X - shadow: 38 - domain: 83
Node, global: 57 - local: X - shadow: 39 - domain: 84
Node, global: 58 - local: X - shadow: 40 - domain: 85
Node, global: 59 - local: X - shadow: 41 - domain: 86
Node, global: 60 - local: X - shadow: 42 - domain: 87
Node, global: 61 - local: X - shadow: 43 - domain: 88
Node, global: 62 - local: 18 - shadow: X - domain: 18
Node, global: 63 - local: 19 - shadow: X - domain: 19
Node, global: 64 - local: 20 - shadow: X - domain: 20
Node, global: 65 - local: X - shadow: 44 - domain: 89
Node, global: 66 - local: X - shadow: 45 - domain: 90
Node, global: 67 - local: 21 - shadow: X - domain: 21
Node, global: 68 - local: 22 - shadow: X - domain: 22
Node, global: 69 - local: 23 - shadow: X - domain: 23
Node, global: 70 - local: X - shadow: 46 - domain: 91
Node, global: 71 - local: X - shadow: 47 - domain: 92
Node, global: 72 - local: 24 - shadow: X - domain: 24
Node, global: 73 - local: 25 - shadow: X - domain: 25
Node, global: 74 - local: 26 - shadow: X - domain: 26
Node, global: 75 - local: X - shadow: 48 - domain: 93
Node, global: 76 - local: X - shadow: 49 - domain: 94
Node, global: 77 - local: X - shadow: 50 - domain: 95
Node, global: 78 - local: X - shadow: 51 - domain: 96
Node, global: 79 - local: X - shadow: 52 - domain: 97
Node, global: 80 - local: X - shadow: 53 - domain: 98
Node, global: 81 - local: X - shadow: 54 - domain: 99
Node, global: 82 - local: X - shadow: 55 - domain: 100
Node, global: 83 - local: X - shadow: 56 - domain: 101
Node, global: 84 - local: X - shadow: 57 - domain: 102
Node, global: 85 - local: X - shadow: 58 - domain: 103
Node, global: 86 - local: X - shadow: 59 - domain: 104
Node, global: 87 - local: 27 - shadow: X - domain: 27
Node, global: 88 - local: 28 - shadow: X - domain: 28
Node, global: 89 - local: 29 - shadow: X - domain: 29
Node, global: 90 - local: X - shadow: 60 - domain: 105
Node, global: 91 - local: X - shadow: 61 - domain: 106
Node, global: 92 - local: 30 - shadow: X - domain: 30
Node, global: 93 - local: 31 - shadow: X - domain: 31
Node, global: 94 - local: 32 - shadow: X - domain: 32
Node, global: 95 - local: X - shadow: 62 - domain: 107
Node, global: 96 - local: X - shadow: 63 - domain: 108
Node, global: 97 - local: 33 - shadow: X - domain: 33
Node, global: 98 - local: 34 - shadow: X - domain: 34
Node, global: 99 - local: 35 - shadow: X - domain: 35
Node, global: 100 - local: X - shadow: 64 - domain: 109
Node, global: 101 - local: X - shadow: 65 - domain: 110
Node, global: 102 - local: X - shadow: 66 - domain: 111
Node, global: 103 - local: X - shadow: 67 - domain: 112
Node, global: 104 - local: X - shadow: 68 - domain: 113
Node, global: 105 - local: X - shadow: 69 - domain: 114
Node, global: 106 - local: X - shadow: 70 - domain: 115
Node, global: 107 - local: X - shadow: 71 - domain: 116
Node, global: 108 - local: X - shadow: 72 - domain: 117
Node, global: 109 - local: X - shadow: 73 - domain: 118
Node, global: 110 - local: X - shadow: 74 - domain: 119
Node, global: 111 - local: X - shadow: 75 - domain: 120
Node, global: 112 - local: 36 - shadow: X - domain: 36
Node, global: 113 - local: 37 - shadow: X - domain: 37
Node, global: 114 - local: 38 - shadow: X - domain: 38
Node, global: 115 - local: X - shadow: 76 - domain: 121
Node, global: 116 - local: X - shadow: 77 - domain: 122
Node, global: 117 - local: 39 - shadow: X - domain: 39
Node, global: 118 - local: 40 - shadow: X - domain: 40
Node, global: 119 - local: 41 - shadow: X - domain: 41
Node, global: 120 - local: X - shadow: 78 - domain: 123
Node, global: 121 - local: X - shadow: 79 - domain: 124
Node, global: 122 - local: 42 - shadow: X - domain: 42
Node, global: 123 - local: 43 - shadow: X - domain: 43
Node, global: 124 - local: 44 - shadow: X - domain: 44

Node, local: 0 - global: 12
Node, local: 1 - global: 13
Node, local: 2 - global: 14
Node, local: 3 - global: 17
Node, local: 4 - global: 18
Node, local: 5 - global: 19
Node, local: 6 - global: 22
Node, local: 7 - global: 23
Node, local: 8 - global: 24
Node, local: 9 - global: 37
Node, local: 10 - global: 38
Node, local: 11 - global: 39
Node, local: 12 - global: 42
Node, local: 13 - global: 43
Node, local: 14 - global: 44
Node, local: 15 - global: 47
Node, local: 16 - global: 48
Node, local: 17 - global: 49
Node, local: 18 - global: 62
Node, local: 19 - global: 63
Node, local: 20 - global: 64
Node, local: 21 - global: 67
Node, local: 22 - global: 68
Node, local: 23 - global: 69
Node, local: 24 - global: 72
Node, local: 25 - global: 73
Node, local: 26 - global: 74
Node, local: 27 - global: 87
Node, local: 28 - global: 88
Node, local: 29 - global: 89
Node, local: 30 - global: 92
Node, local: 31 - global: 93
Node, local: 32 - global: 94
Node, local: 33 - global: 97
Node, local: 34 - global: 98
Node, local: 35 - global: 99
Node, local: 36 - global: 112
Node, local: 37 - global: 113
Node, local: 38 - global: 114
Node, local: 39 - global: 117
Node, local: 40 - global: 118
Node, local: 41 - global: 119
Node, local: 42 - global: 122
Node, local: 43 - global: 123
Node, local: 44 - global: 124

Node, domain: 0 - global: 12
Node, domain: 1 - global: 13
Node, domain: 2 - global: 14
Node, domain: 3 - global: 17
Node, domain: 4 - global: 18
Node, domain: 5 - global: 19
Node, domain: 6 - global: 22
Node, domain: 7 - global: 23
Node, domain: 8 - global: 24
Node, domain: 9 - global: 37
Node, domain: 10 - global: 38
Node, domain: 11 - global: 39
Node, domain: 12 - global: 42
Node, domain: 13 - global: 43
Node, domain: 14 - global: 44
Node, domain: 15 - global: 47
Node, domain: 16 - global: 48
Node, domain: 17 - global: 49
Node, domain: 18 - global: 62
Node, domain: 19 - global: 63
Node, domain: 20 - global: 64
Node, domain: 21 - global: 67
Node, domain: 22 - global: 68
Node, domain: 23 - global: 69
Node, domain: 24 - global: 72
Node, domain: 25 - global: 73
Node, domain: 26 - global: 74
Node, domain: 27 - global: 87
Node, domain: 28 - global: 88
Node, domain: 29 - global: 89
Node, domain: 30 - global: 92
Node, domain: 31 - global: 93
Node, domain: 32 - global: 94
Node, domain: 33 - global: 97
Node, domain: 34 - global: 98
Node, domain: 35 - global: 99
Node, domain: 36 - global: 112
Node, domain: 37 - global: 113
Node, domain: 38 - global: 114
Node, domain: 39 - global: 117
Node, domain: 40 - global: 118
Node, domain: 41 - global: 119
Node, domain: 42 - global: 122
Node, domain: 43 - global: 123
Node, domain: 44 - global: 124
Node, domain: 45 - global: 0
Node, domain: 46 - global: 1
Node, domain: 47 - global: 2
Node, domain: 48 - global: 3
Node, domain: 49 - global: 4
Node, domain: 50 - global: 5
Node, domain: 51 - global: 6
Node, domain: 52 - global: 7
Node, domain: 53 - global: 8
Node, domain: 54 - global: 9
Node, domain: 55 - global: 10
Node, domain: 56 - global: 11
Node, domain: 57 - global: 15
Node, domain: 58 - global: 16
Node, domain: 59 - global: 20
Node, domain: 60 - global: 21
Node, domain: 61 - global: 25
Node, domain: 62 - global: 26
Node, domain: 63 - global: 27
Node, domain: 64 - global: 28
Node, domain: 65 - global: 29
Node, domain: 66 - global: 30
Node, domain: 67 - global: 31
Node, domain: 68 - global: 32
Node, domain: 69 - global: 33
Node, domain: 70 - global: 34
Node, domain: 71 - global: 35
Node, domain: 72 - global: 36
Node, domain: 73 - global: 40
Node, domain: 74 - global: 41
Node, domain: 75 - global: 45
Node, domain: 76 - global: 46
Node, domain: 77 - global: 50
Node, domain: 78 - global: 51
Node, domain: 79 - global: 52
Node, domain: 80 - global: 53
Node, domain: 81 - global: 54
Node, domain: 82 - global: 55
Node, domain: 83 - global: 56
Node, domain: 84 - global: 57
Node, domain: 85 - global: 58
Node, domain: 86 - global: 59
Node, domain: 87 - global: 60
Node, domain: 88 - global: 61
Node, domain: 89 - global: 65
Node, domain: 90 - global: 66
Node, domain: 91 - global: 70
Node, domain: 92 - global: 71
Node, domain: 93 - global: 75
Node, domain: 94 - global: 76
Node, domain: 95 - global: 77
Node, domain: 96 - global: 78
Node, domain: 97 - global: 79
Node, domain: 98 - global: 80
Node, domain: 99 - global: 81
Node, domain: 100 - global: 82
Node, domain: 101 - global: 83
Node, domain: 102 - global: 84
Node, domain: 103 - global: 85
Node, domain: 104 - global: 86
Node, domain: 105 - global: 90
Node, domain: 106 - global: 91
Node, domain: 107 - global: 95
Node, domain: 108 - global: 96
Node, domain: 109 - global: 100
Node, domain: 110 - global: 101
Node, domain: 111 - global: 102
Node, domain: 112 - global: 103
Node, domain: 113 - global: 104
Node, domain: 114 - global: 105
Node, domain: 115 - global: 106
Node, domain: 116 - global: 107
Node, domain: 117 - global: 108
Node, domain: 118 - global: 109
Node, domain: 119 - global: 110
Node, domain: 120 - global: 111
Node, domain: 121 - global: 115
Node, domain: 122 - global: 116
Node, domain: 123 - global: 120
Node, domain: 124 - global: 121


Body Node Layout
Checking body node decomp has same element decomp as corner node decomp:
	Checking general partitions etc
	Checking the 64 individual items
	The decomps matched for the given item types
	Passed.
Checking body node decomp has same node decomp as it's element decomp:
	Checking general partitions etc
	Checking the 64 individual items
	The decomps matched for the given item types
	Passed.
