StGermain Framework. Copyright (C) 2003-2005 VPAC.
Element corner indices:
	Element 0 : { 0, 1, 5, 4 }
	Element 1 : { 1, 2, 6, 5 }
	Element 2 : { 2, 3, 7, 6 }
	Element 3 : { 4, 5, 9, 8 }
	Element 4 : { 5, 6, 10, 9 }
	Element 5 : { 6, 7, 11, 10 }
	Element 6 : { 8, 9, 13, 12 }
	Element 7 : { 9, 10, 14, 13 }
	Element 8 : { 10, 11, 15, 14 }

Corner element indices:
	Corner 0 : { 9, 9, 9, 0 }
	Corner 1 : { 9, 9, 0, 1 }
	Corner 2 : { 9, 9, 1, 2 }
	Corner 3 : { 9, 9, 2, 9 }
	Corner 4 : { 9, 0, 9, 3 }
	Corner 5 : { 0, 1, 3, 4 }
	Corner 6 : { 1, 2, 4, 5 }
	Corner 7 : { 2, 9, 5, 9 }
	Corner 8 : { 9, 3, 9, 6 }
	Corner 9 : { 3, 4, 6, 7 }
	Corner 10 : { 4, 5, 7, 8 }
	Corner 11 : { 5, 9, 8, 9 }
	Corner 12 : { 9, 6, 9, 9 }
	Corner 13 : { 6, 7, 9, 9 }
	Corner 14 : { 7, 8, 9, 9 }
	Corner 15 : { 8, 9, 9, 9 }

Element with point:
	Point 0 : 0
	Point 1 : 1
	Point 2 : 2
	Point 3 : 9
	Point 4 : 3
	Point 5 : 4
	Point 6 : 5
	Point 7 : 9
	Point 8 : 6
	Point 9 : 7
	Point 10 : 8
	Point 11 : 9
	Point 12 : 9
	Point 13 : 9
	Point 14 : 9
	Point 15 : 9

