StGermain Framework. Copyright (C) 2003-2005 VPAC.
Element corner indices:
	Element 0 : { 0, 1, 3 }
	Element 1 : { 1, 4, 3 }
	Element 2 : { 1, 2, 4 }
	Element 3 : { 2, 5, 4 }

Corner element indices:
	Corner 0 : { 0 }
	Corner 1 : { 0, 1, 2 }
	Corner 2 : { 2, 3 }
	Corner 3 : { 0, 1 }
	Corner 4 : { 1, 2, 3 }
	Corner 5 : { 3 }

