StGermain Framework revision 3651. Copyright (C) 2003-2005 VPAC.
