StGermain Framework. Copyright (C) 2003-2005 VPAC.
Total point test:
	Point 0 : { 0, 0, 0 }
	Point 1 : { 0.05, 0, 0 }
	Point 2 : { 0.1, 0, 0 }
	Point 3 : { 0.2125, 0, 0 }
	Point 4 : { 0.325, 0, 0 }
	Point 5 : { 0.4375, 0, 0 }
	Point 6 : { 0.55, 0, 0 }
	Point 7 : { 0.6625, 0, 0 }
	Point 8 : { 0.775, 0, 0 }
	Point 9 : { 0.8875, 0, 0 }
	Point 10 : { 1, 0, 0 }
	Point 11 : { 0, 0.375, 0 }
	Point 12 : { 0.05, 0.375, 0 }
	Point 13 : { 0.1, 0.375, 0 }
	Point 14 : { 0.2125, 0.375, 0 }
	Point 15 : { 0.325, 0.375, 0 }
	Point 16 : { 0.4375, 0.375, 0 }
	Point 17 : { 0.55, 0.375, 0 }
	Point 18 : { 0.6625, 0.375, 0 }
	Point 19 : { 0.775, 0.375, 0 }
	Point 20 : { 0.8875, 0.375, 0 }
	Point 21 : { 1, 0.375, 0 }
	Point 22 : { 0, 0.75, 0 }
	Point 23 : { 0.05, 0.75, 0 }
	Point 24 : { 0.1, 0.75, 0 }
	Point 25 : { 0.2125, 0.75, 0 }
	Point 26 : { 0.325, 0.75, 0 }
	Point 27 : { 0.4375, 0.75, 0 }
	Point 28 : { 0.55, 0.75, 0 }
	Point 29 : { 0.6625, 0.75, 0 }
	Point 30 : { 0.775, 0.75, 0 }
	Point 31 : { 0.8875, 0.75, 0 }
	Point 32 : { 1, 0.75, 0 }
	Point 33 : { 0, 0.875, 0 }
	Point 34 : { 0.05, 0.875, 0 }
	Point 35 : { 0.1, 0.875, 0 }
	Point 36 : { 0.2125, 0.875, 0 }
	Point 37 : { 0.325, 0.875, 0 }
	Point 38 : { 0.4375, 0.875, 0 }
	Point 39 : { 0.55, 0.875, 0 }
	Point 40 : { 0.6625, 0.875, 0 }
	Point 41 : { 0.775, 0.875, 0 }
	Point 42 : { 0.8875, 0.875, 0 }
	Point 43 : { 1, 0.875, 0 }
	Point 44 : { 0, 1, 0 }
	Point 45 : { 0.05, 1, 0 }
	Point 46 : { 0.1, 1, 0 }
	Point 47 : { 0.2125, 1, 0 }
	Point 48 : { 0.325, 1, 0 }
	Point 49 : { 0.4375, 1, 0 }
	Point 50 : { 0.55, 1, 0 }
	Point 51 : { 0.6625, 1, 0 }
	Point 52 : { 0.775, 1, 0 }
	Point 53 : { 0.8875, 1, 0 }
	Point 54 : { 1, 1, 0 }

Individual point test:
	Point 0 : { 0, 0, 0 }
	Point 1 : { 0.05, 0, 0 }
	Point 2 : { 0.1, 0, 0 }
	Point 3 : { 0.2125, 0, 0 }
	Point 4 : { 0.325, 0, 0 }
	Point 5 : { 0.4375, 0, 0 }
	Point 6 : { 0.55, 0, 0 }
	Point 7 : { 0.6625, 0, 0 }
	Point 8 : { 0.775, 0, 0 }
	Point 9 : { 0.8875, 0, 0 }
	Point 10 : { 1, 0, 0 }
	Point 11 : { 0, 0.375, 0 }
	Point 12 : { 0.05, 0.375, 0 }
	Point 13 : { 0.1, 0.375, 0 }
	Point 14 : { 0.2125, 0.375, 0 }
	Point 15 : { 0.325, 0.375, 0 }
	Point 16 : { 0.4375, 0.375, 0 }
	Point 17 : { 0.55, 0.375, 0 }
	Point 18 : { 0.6625, 0.375, 0 }
	Point 19 : { 0.775, 0.375, 0 }
	Point 20 : { 0.8875, 0.375, 0 }
	Point 21 : { 1, 0.375, 0 }
	Point 22 : { 0, 0.75, 0 }
	Point 23 : { 0.05, 0.75, 0 }
	Point 24 : { 0.1, 0.75, 0 }
	Point 25 : { 0.2125, 0.75, 0 }
	Point 26 : { 0.325, 0.75, 0 }
	Point 27 : { 0.4375, 0.75, 0 }
	Point 28 : { 0.55, 0.75, 0 }
	Point 29 : { 0.6625, 0.75, 0 }
	Point 30 : { 0.775, 0.75, 0 }
	Point 31 : { 0.8875, 0.75, 0 }
	Point 32 : { 1, 0.75, 0 }
	Point 33 : { 0, 0.875, 0 }
	Point 34 : { 0.05, 0.875, 0 }
	Point 35 : { 0.1, 0.875, 0 }
	Point 36 : { 0.2125, 0.875, 0 }
	Point 37 : { 0.325, 0.875, 0 }
	Point 38 : { 0.4375, 0.875, 0 }
	Point 39 : { 0.55, 0.875, 0 }
	Point 40 : { 0.6625, 0.875, 0 }
	Point 41 : { 0.775, 0.875, 0 }
	Point 42 : { 0.8875, 0.875, 0 }
	Point 43 : { 1, 0.875, 0 }
	Point 44 : { 0, 1, 0 }
	Point 45 : { 0.05, 1, 0 }
	Point 46 : { 0.1, 1, 0 }
	Point 47 : { 0.2125, 1, 0 }
	Point 48 : { 0.325, 1, 0 }
	Point 49 : { 0.4375, 1, 0 }
	Point 50 : { 0.55, 1, 0 }
	Point 51 : { 0.6625, 1, 0 }
	Point 52 : { 0.775, 1, 0 }
	Point 53 : { 0.8875, 1, 0 }
	Point 54 : { 1, 1, 0 }

