StGermain Framework. Copyright (C) 2003-2005 VPAC.
Plane: 0x + -0y + 1z = 2
Distance to point: 4
In front A: True
In front B: False
