StGermain Framework. Copyright (C) 2003-2005 VPAC.
+++ 1D Tests +++

*** Construction test ***
topology->size[0-2] = { 3, 1, 1, }

*** Topology_NeighbourCount() and BuildNeighbour() tests. ***

Reference object, loc (0,0,0) (0)
Dynamic:
	ElNbrs[0-0] = {1, }
Non-Dynamic
	ElNbrs[0-1] = {1, 3(Inv), }
Non-Dynamic, Periodic
	ElNbrs[0-1] = {1, 2, }

Reference object, loc (1,0,0) (1)
Dynamic:
	ElNbrs[0-1] = {2, 0, }
Non-Dynamic
	ElNbrs[0-1] = {2, 0, }
Non-Dynamic, Periodic
	ElNbrs[0-1] = {2, 0, }

Reference object, loc (2,0,0) (2)
Dynamic:
	ElNbrs[0-0] = {1, }
Non-Dynamic
	ElNbrs[0-1] = {3(Inv), 1, }
Non-Dynamic, Periodic
	ElNbrs[0-1] = {0, 1, }

+++ 2D Tests +++

*** Construction test ***
topology->size[0-2] = { 3, 3, 1, }

*** Topology_NeighbourCount() and BuildNeighbour() tests. ***

Reference object, loc (0,0,0) (0)
Dynamic:
	ElNbrs[0-1] = {1, 3, }
Non-Dynamic
	ElNbrs[0-3] = {1, 3, 9(Inv), 9(Inv), }
Non-Dynamic, Periodic
	ElNbrs[0-3] = {1, 3, 2, 6, }

Reference object, loc (1,0,0) (1)
Dynamic:
	ElNbrs[0-2] = {2, 4, 0, }
Non-Dynamic
	ElNbrs[0-3] = {2, 4, 0, 9(Inv), }
Non-Dynamic, Periodic
	ElNbrs[0-3] = {2, 4, 0, 7, }

Reference object, loc (2,0,0) (2)
Dynamic:
	ElNbrs[0-1] = {5, 1, }
Non-Dynamic
	ElNbrs[0-3] = {9(Inv), 5, 1, 9(Inv), }
Non-Dynamic, Periodic
	ElNbrs[0-3] = {0, 5, 1, 8, }

Reference object, loc (0,1,0) (3)
Dynamic:
	ElNbrs[0-2] = {4, 6, 0, }
Non-Dynamic
	ElNbrs[0-3] = {4, 6, 9(Inv), 0, }
Non-Dynamic, Periodic
	ElNbrs[0-3] = {4, 6, 5, 0, }

Reference object, loc (1,1,0) (4)
Dynamic:
	ElNbrs[0-3] = {5, 7, 3, 1, }
Non-Dynamic
	ElNbrs[0-3] = {5, 7, 3, 1, }
Non-Dynamic, Periodic
	ElNbrs[0-3] = {5, 7, 3, 1, }

Reference object, loc (2,1,0) (5)
Dynamic:
	ElNbrs[0-2] = {8, 4, 2, }
Non-Dynamic
	ElNbrs[0-3] = {9(Inv), 8, 4, 2, }
Non-Dynamic, Periodic
	ElNbrs[0-3] = {3, 8, 4, 2, }

Reference object, loc (0,2,0) (6)
Dynamic:
	ElNbrs[0-1] = {7, 3, }
Non-Dynamic
	ElNbrs[0-3] = {7, 9(Inv), 9(Inv), 3, }
Non-Dynamic, Periodic
	ElNbrs[0-3] = {7, 0, 8, 3, }

Reference object, loc (1,2,0) (7)
Dynamic:
	ElNbrs[0-2] = {8, 6, 4, }
Non-Dynamic
	ElNbrs[0-3] = {8, 9(Inv), 6, 4, }
Non-Dynamic, Periodic
	ElNbrs[0-3] = {8, 1, 6, 4, }

Reference object, loc (2,2,0) (8)
Dynamic:
	ElNbrs[0-1] = {7, 5, }
Non-Dynamic
	ElNbrs[0-3] = {9(Inv), 9(Inv), 7, 5, }
Non-Dynamic, Periodic
	ElNbrs[0-3] = {6, 2, 7, 5, }

+++ 3D Tests +++

*** Construction test ***
topology->size[0-2] = { 3, 3, 3, }

*** Topology_NeighbourCount() and BuildNeighbour() tests. ***

Reference object, loc (0,0,0) (0)
Dynamic:
	ElNbrs[0-2] = {1, 3, 9, }
Non-Dynamic
	ElNbrs[0-5] = {1, 3, 9, 27(Inv), 27(Inv), 27(Inv), }
Non-Dynamic, Periodic
	ElNbrs[0-5] = {1, 3, 9, 2, 6, 18, }

Reference object, loc (1,0,0) (1)
Dynamic:
	ElNbrs[0-3] = {2, 4, 10, 0, }
Non-Dynamic
	ElNbrs[0-5] = {2, 4, 10, 0, 27(Inv), 27(Inv), }
Non-Dynamic, Periodic
	ElNbrs[0-5] = {2, 4, 10, 0, 7, 19, }

Reference object, loc (2,0,0) (2)
Dynamic:
	ElNbrs[0-2] = {5, 11, 1, }
Non-Dynamic
	ElNbrs[0-5] = {27(Inv), 5, 11, 1, 27(Inv), 27(Inv), }
Non-Dynamic, Periodic
	ElNbrs[0-5] = {0, 5, 11, 1, 8, 20, }

Reference object, loc (0,1,0) (3)
Dynamic:
	ElNbrs[0-3] = {4, 6, 12, 0, }
Non-Dynamic
	ElNbrs[0-5] = {4, 6, 12, 27(Inv), 0, 27(Inv), }
Non-Dynamic, Periodic
	ElNbrs[0-5] = {4, 6, 12, 5, 0, 21, }

Reference object, loc (1,1,0) (4)
Dynamic:
	ElNbrs[0-4] = {5, 7, 13, 3, 1, }
Non-Dynamic
	ElNbrs[0-5] = {5, 7, 13, 3, 1, 27(Inv), }
Non-Dynamic, Periodic
	ElNbrs[0-5] = {5, 7, 13, 3, 1, 22, }

Reference object, loc (2,1,0) (5)
Dynamic:
	ElNbrs[0-3] = {8, 14, 4, 2, }
Non-Dynamic
	ElNbrs[0-5] = {27(Inv), 8, 14, 4, 2, 27(Inv), }
Non-Dynamic, Periodic
	ElNbrs[0-5] = {3, 8, 14, 4, 2, 23, }

Reference object, loc (0,2,0) (6)
Dynamic:
	ElNbrs[0-2] = {7, 15, 3, }
Non-Dynamic
	ElNbrs[0-5] = {7, 27(Inv), 15, 27(Inv), 3, 27(Inv), }
Non-Dynamic, Periodic
	ElNbrs[0-5] = {7, 0, 15, 8, 3, 24, }

Reference object, loc (1,2,0) (7)
Dynamic:
	ElNbrs[0-3] = {8, 16, 6, 4, }
Non-Dynamic
	ElNbrs[0-5] = {8, 27(Inv), 16, 6, 4, 27(Inv), }
Non-Dynamic, Periodic
	ElNbrs[0-5] = {8, 1, 16, 6, 4, 25, }

Reference object, loc (2,2,0) (8)
Dynamic:
	ElNbrs[0-2] = {17, 7, 5, }
Non-Dynamic
	ElNbrs[0-5] = {27(Inv), 27(Inv), 17, 7, 5, 27(Inv), }
Non-Dynamic, Periodic
	ElNbrs[0-5] = {6, 2, 17, 7, 5, 26, }

Reference object, loc (0,0,1) (9)
Dynamic:
	ElNbrs[0-3] = {10, 12, 18, 0, }
Non-Dynamic
	ElNbrs[0-5] = {10, 12, 18, 27(Inv), 27(Inv), 0, }
Non-Dynamic, Periodic
	ElNbrs[0-5] = {10, 12, 18, 11, 15, 0, }

Reference object, loc (1,0,1) (10)
Dynamic:
	ElNbrs[0-4] = {11, 13, 19, 9, 1, }
Non-Dynamic
	ElNbrs[0-5] = {11, 13, 19, 9, 27(Inv), 1, }
Non-Dynamic, Periodic
	ElNbrs[0-5] = {11, 13, 19, 9, 16, 1, }

Reference object, loc (2,0,1) (11)
Dynamic:
	ElNbrs[0-3] = {14, 20, 10, 2, }
Non-Dynamic
	ElNbrs[0-5] = {27(Inv), 14, 20, 10, 27(Inv), 2, }
Non-Dynamic, Periodic
	ElNbrs[0-5] = {9, 14, 20, 10, 17, 2, }

Reference object, loc (0,1,1) (12)
Dynamic:
	ElNbrs[0-4] = {13, 15, 21, 9, 3, }
Non-Dynamic
	ElNbrs[0-5] = {13, 15, 21, 27(Inv), 9, 3, }
Non-Dynamic, Periodic
	ElNbrs[0-5] = {13, 15, 21, 14, 9, 3, }

Reference object, loc (1,1,1) (13)
Dynamic:
	ElNbrs[0-5] = {14, 16, 22, 12, 10, 4, }
Non-Dynamic
	ElNbrs[0-5] = {14, 16, 22, 12, 10, 4, }
Non-Dynamic, Periodic
	ElNbrs[0-5] = {14, 16, 22, 12, 10, 4, }

Reference object, loc (2,1,1) (14)
Dynamic:
	ElNbrs[0-4] = {17, 23, 13, 11, 5, }
Non-Dynamic
	ElNbrs[0-5] = {27(Inv), 17, 23, 13, 11, 5, }
Non-Dynamic, Periodic
	ElNbrs[0-5] = {12, 17, 23, 13, 11, 5, }

Reference object, loc (0,2,1) (15)
Dynamic:
	ElNbrs[0-3] = {16, 24, 12, 6, }
Non-Dynamic
	ElNbrs[0-5] = {16, 27(Inv), 24, 27(Inv), 12, 6, }
Non-Dynamic, Periodic
	ElNbrs[0-5] = {16, 9, 24, 17, 12, 6, }

Reference object, loc (1,2,1) (16)
Dynamic:
	ElNbrs[0-4] = {17, 25, 15, 13, 7, }
Non-Dynamic
	ElNbrs[0-5] = {17, 27(Inv), 25, 15, 13, 7, }
Non-Dynamic, Periodic
	ElNbrs[0-5] = {17, 10, 25, 15, 13, 7, }

Reference object, loc (2,2,1) (17)
Dynamic:
	ElNbrs[0-3] = {26, 16, 14, 8, }
Non-Dynamic
	ElNbrs[0-5] = {27(Inv), 27(Inv), 26, 16, 14, 8, }
Non-Dynamic, Periodic
	ElNbrs[0-5] = {15, 11, 26, 16, 14, 8, }

Reference object, loc (0,0,2) (18)
Dynamic:
	ElNbrs[0-2] = {19, 21, 9, }
Non-Dynamic
	ElNbrs[0-5] = {19, 21, 27(Inv), 27(Inv), 27(Inv), 9, }
Non-Dynamic, Periodic
	ElNbrs[0-5] = {19, 21, 0, 20, 24, 9, }

Reference object, loc (1,0,2) (19)
Dynamic:
	ElNbrs[0-3] = {20, 22, 18, 10, }
Non-Dynamic
	ElNbrs[0-5] = {20, 22, 27(Inv), 18, 27(Inv), 10, }
Non-Dynamic, Periodic
	ElNbrs[0-5] = {20, 22, 1, 18, 25, 10, }

Reference object, loc (2,0,2) (20)
Dynamic:
	ElNbrs[0-2] = {23, 19, 11, }
Non-Dynamic
	ElNbrs[0-5] = {27(Inv), 23, 27(Inv), 19, 27(Inv), 11, }
Non-Dynamic, Periodic
	ElNbrs[0-5] = {18, 23, 2, 19, 26, 11, }

Reference object, loc (0,1,2) (21)
Dynamic:
	ElNbrs[0-3] = {22, 24, 18, 12, }
Non-Dynamic
	ElNbrs[0-5] = {22, 24, 27(Inv), 27(Inv), 18, 12, }
Non-Dynamic, Periodic
	ElNbrs[0-5] = {22, 24, 3, 23, 18, 12, }

Reference object, loc (1,1,2) (22)
Dynamic:
	ElNbrs[0-4] = {23, 25, 21, 19, 13, }
Non-Dynamic
	ElNbrs[0-5] = {23, 25, 27(Inv), 21, 19, 13, }
Non-Dynamic, Periodic
	ElNbrs[0-5] = {23, 25, 4, 21, 19, 13, }

Reference object, loc (2,1,2) (23)
Dynamic:
	ElNbrs[0-3] = {26, 22, 20, 14, }
Non-Dynamic
	ElNbrs[0-5] = {27(Inv), 26, 27(Inv), 22, 20, 14, }
Non-Dynamic, Periodic
	ElNbrs[0-5] = {21, 26, 5, 22, 20, 14, }

Reference object, loc (0,2,2) (24)
Dynamic:
	ElNbrs[0-2] = {25, 21, 15, }
Non-Dynamic
	ElNbrs[0-5] = {25, 27(Inv), 27(Inv), 27(Inv), 21, 15, }
Non-Dynamic, Periodic
	ElNbrs[0-5] = {25, 18, 6, 26, 21, 15, }

Reference object, loc (1,2,2) (25)
Dynamic:
	ElNbrs[0-3] = {26, 24, 22, 16, }
Non-Dynamic
	ElNbrs[0-5] = {26, 27(Inv), 27(Inv), 24, 22, 16, }
Non-Dynamic, Periodic
	ElNbrs[0-5] = {26, 19, 7, 24, 22, 16, }

Reference object, loc (2,2,2) (26)
Dynamic:
	ElNbrs[0-2] = {25, 23, 17, }
Non-Dynamic
	ElNbrs[0-5] = {27(Inv), 27(Inv), 27(Inv), 25, 23, 17, }
Non-Dynamic, Periodic
	ElNbrs[0-5] = {24, 20, 8, 25, 23, 17, }

