StGermain Framework revision 3839. Copyright (C) 2003-2005 VPAC.

----------------- Testing Complex Journal Printing Macro -----------------
x = 1.0000000 + 2.0000000 i
y = -1.5000000 + 3.0000000 i
u = -1.5000000 - 3.0000000 i
v = 1.5000000 - 3.0000000 i
i = 0.0000000 + 1.0000000 i

----------------- Testing Addition -----------------
dest = -0.5000000 + 5.0000000 i
x = -0.5000000 + 5.0000000 i

----------------- Testing Subtraction -----------------
x = 1.0000000 + 2.0000000 i
dest = 2.5000000 - 1.0000000 i

----------------- Testing Multiplication -----------------
dest = -7.5000000 + 0.0000000 i
y = -7.5000000 + 0.0000000 i

----------------- Testing Division -----------------
y = -1.5000000 + 3.0000000 i
dest = 0.4000000 - 0.5333333 i

----------------- Testing Real Number Math stuff -----------------
dest = 0.5000000 + 3.0000000 i
dest = 5.5000000 - 3.0000000 i
dest = -0.1500000 + 0.3000000 i
dest = -0.1333333 - 0.2666667 i
Answer within tolerance 1e-15 of 1.00000 + i 0.00000

----------------- Testing Conjugate -----------------
x = 1.0000000 - 2.0000000 i
x = 1.0000000 + 2.0000000 i

----------------- Testing Complex Polar Stuff -----------------
x = 2.2361 e^{i 1.1071} = 1.0000 + 2.0000
y = 3.3541 e^{i 2.0344} = -1.5000 + 3.0000
u = 3.3541 e^{i -2.0344} = -1.5000 + -3.0000
v = 3.3541 e^{i -1.1071} = 1.5000 + -3.0000
i = 1.0000 e^{i 1.5708} = 0.0000 + 1.0000
-i = 1.0000 e^{i -1.5708} = 0.0000 + -1.0000

----------------- Testing Complex to real Power Stuff -----------------
dest = -3.0000000 + 4.0000000 i
dest = -3.0000000 + 4.0000000 i
dest = -11.0000000 - 2.0000000 i
dest = -11.0000000 - 2.0000000 i
dest = 0.9628349 + 1.5578995 i
dest = -1.5000000 + 3.0000000 i

----------------- Testing Complex to complex Power Stuff -----------------
dest = 0.0078744 + 0.0073865 i

----------------- Testing The Most Beautiful Equation in Mathematics e^{i \pi} + 1 = 0 -----------------
e^{i \pi} = dest = -1.0000000 + 0.0000000 i

----------------- Another Beautiful Equation i^i = e^{-\pi/2} -----------------
e^{-\pi/2} = 0.20788 = dest = 0.2078796 + 0.0000000 i

----------------- Testing Exponential -----------------
e^{2 + 3i} = dest = -7.3151101 + 1.0427437 i
dest = -7.3151101 + 1.0427437 i
e^{-5 + 7i} = dest = 0.0050798 + 0.0044267 i
dest = 0.0050798 + 0.0044267 i
e^{i \pi} = dest = -1.0000000 + 0.0000000 i

----------------- Testing Copy and Zero -----------------
x = -5.0000000 + 7.0000000 i
dest = -1.0000000 + 0.0000000 i
dest = -5.0000000 + 7.0000000 i
dest = 0.0000000 + 0.0000000 i

