StGermain Framework revision 3750. Copyright (C) 2003-2005 VPAC.

****************************************
Check StGermain_nSymmetricTensorVectorComponents function
Number of unique components of symmetric tensor of dimension 2 is 3
Number of unique components of symmetric tensor of dimension 3 is 6

****************************************
Testing Journal_PrintTensorArray
tensorArray - 
      3          21          -1     
      6         5.8          32     
      2           2          -7     

/*******************************************/
Test Symmetric Tensor to Tensor Array function

2-D
Symmetric Tensor
      1           7     
      7           8     
Tensor Array - 2D
      1           7     
      7           8     
Tensor Array 
      1           7     
      7           8     
3-D
Symmetric Tensor
      1           7           0     
      7           8           3     
      0           3           5     
Tensor Array - 3D
      1           7           0     
      7           8           3     
      0           3           5     
Tensor Array 
      1           7           0     
      7           8           3     
      0           3           5     

****************************************
Testing TensorArray_ToMatrix
2-D
tensorArray - 
      1           3     
      2         6.8     
tensor - 
      1           3     
      2         6.8     
3-D
tensorArray - 
     30          27         -24     
     29        26.8          23     
     28          25       -0.22     
tensor - 
     30          27         -24     
     29        26.8          23     
     28          25       -0.22     

****************************************
Testing SymmetricTensor_ToMatrix
2-D
symmTensor - 
      7          11     
     11         9.8     
tensor - 
      7          11     
     11         9.8     
3-D
symmTensor - 
      0          12        -100     
     12         0.8        20.3     
   -100        20.3        -7.5     
tensor - 
      0          12        -100     
     12         0.8        20.3     
   -100        20.3        -7.5     

****************************************
Testing GetAntisymmetricPart
dim = 2
tensor2 - 
      0         7.5     
   -7.5           0     
dim = 3
tensor2 - 
      0         7.5        -1.5     
   -7.5           0          15     
    1.5         -15           0     

****************************************
Testing GetSymmetricPart
dim = 2
symmTensor - 
      3        13.5     
   13.5         5.8     
dim = 3
symmTensor - 
      3        13.5         0.5     
   13.5         5.8          17     
    0.5          17          -7     

****************************************
Testing 2ndInvariant
dim = 2
inv = 16.119
inv = 14.268
dim = 3
inv = 28.299
inv = 22.745

****************************************
Testing StGermain_VectorTensorVector
dim = 2 - a_i u_ij b_j = -154.2000
dim = 3 - a_i u_ij b_j = -43.0000

****************************************
Testing ZeroTensor
tensor2 - 
      0           0     
      0           0     
tensor2 - 
      0           0           0     
      0           0           0     
      0           0           0     
symmTensor - 
      0           0     
      0           0     
symmTensor - 
      0           0           0     
      0           0           0     
      0           0           0     

****************************************
Testing StGermain_MatrixDeterminant
 1 is determinant of matrix : tensor - 
      1     
-3 is determinant of matrix : tensor - 
      1           2     
      4           5     
-6 is determinant of matrix : tensor - 
      1           2           3     
      4           5           6     
      7           8          11     
-6 is determinant of matrix : tensor - 
      1           2           3     
      4           5           6     
      7           8          11     
-10 is determinant of matrix :
 1 	  3
 7 	 11

****************************************
Testing Cubic Solver

Trying to solve 2.0000 x^3 + 0.0000 x^2 + -2.0000 x + 0.0000 = 0
Found root 1.0000: Passed.
Found root -1.0000: Passed.
Found root -0.0000: Passed.

Trying to solve 1.0000 x^3 + -4.0000 x^2 + 5.0000 x + -2.0000 = 0
Found root 2.0000: Passed.
Found root 1.0000: Passed.
Found root 1.0000: Passed.

Trying to solve 1.0000 x^3 + 4.0000 x^2 + -11.0000 x + -30.0000 = 0
Found root 3.0000: Passed.
Found root -5.0000: Passed.
Found root -2.0000: Passed.

/****************************************/
Test Mapping functions

2-D
The full tensor:
tensorArray - 
    0.5          10     
     20          30     
The tensor Mapping using enumerated types:
tensorArray[FT2D_00] = 0.5
tensorArray[FT2D_01] = 10
 ---
tensorArray[FT2D_10] = 20
tensorArray[FT2D_11] = 30
The symmetric tensor:
symmTensor - 
     40          60     
     60          50     
The symmetric tensor Mapping using enumerated types:
symmTensor[ST2D_00] = 40
symmTensor[ST2D_01] = 60
 ---
symmTensor[ST2D_11] = 50
Test Mapping functions for Full Tensor using TensorArray_TensorMap

(0,0): 0  = 0	(0,1): 1  = 1
(1,0): 2  = 2	(1,1): 3  = 3
Test Mapping functions for Symmetric Tensor using SymmetricTensor_TensorMap

(0,0): 0  = 0	(0,1): 2  = 2
(1,0): 2  = 2	(1,1): 1  = 1
3-D
The full tensor:
tensorArray - 
      0           1           2     
      3           4           5     
      6           7           8     
The tensor Mapping using enumerated types:
tensorArray[FT3D_00] = 0
tensorArray[FT3D_01] = 1
tensorArray[FT3D_02] = 2
 ---
tensorArray[FT3D_10] = 3
tensorArray[FT3D_11] = 4
tensorArray[FT3D_12] = 5
 ---
tensorArray[FT3D_20] = 6
tensorArray[FT3D_21] = 7
tensorArray[FT3D_22] = 8
The symmetric tensor:
symmTensor - 
     90         120         130     
    120         100         140     
    130         140         110     
The symmetric tensor Mapping using enumerated types:
symmTensor[ST3D_00] = 90
symmTensor[ST3D_01] = 120
symmTensor[ST3D_02] = 130
 ---
symmTensor[ST3D_11] = 100
symmTensor[ST3D_12] = 140
 ---
symmTensor[ST3D_22] = 110
Test Mapping functions for Full Tensor using TensorArray_TensorMap

(0,0): 0  = 0	(0,1): 1  = 1	(0,2): 2  = 2
(1,0): 3  = 3	(1,1): 4  = 4	(1,2): 5  = 5
(2,0): 6  = 6	(2,1): 7  = 7	(2,2): 8  = 8
Test Mapping functions for Symmetric Tensor using SymmetricTensor_TensorMap

(0,0): 0  = 0	(0,1): 3  = 3	(0,2): 4  = 4
(1,0): 3  = 3	(1,1): 1  = 1	(1,2): 5  = 5
(2,0): 4  = 4	(2,1): 5  = 5	(2,2): 2  = 2

/*************************************/
Test function EigenvectorList_Sort
 3-D
Unsorted eigenvectorList
eigenvectorList[0].eigenvalue = 4
eigenvectorList[1].eigenvalue = -1
eigenvectorList[2].eigenvalue = 1
eigenvectorList[0].vector = { 0.577, 0.577, 0.577 }
eigenvectorList[1].vector = { -0.707, 0, 0.707 }
eigenvectorList[2].vector = { 0.408, -0.816, 0.408 }
Sorted eigenvectorList
eigenvectorList[0].eigenvalue = -1
eigenvectorList[1].eigenvalue = 1
eigenvectorList[2].eigenvalue = 4
eigenvectorList[0].vector = { -0.707, 0, 0.707 }
eigenvectorList[1].vector = { 0.408, -0.816, 0.408 }
eigenvectorList[2].vector = { 0.577, 0.577, 0.577 }
2-D
Unsorted eigenvectorList
eigenvectorList[0].eigenvalue = 6
eigenvectorList[1].eigenvalue = 4
eigenvectorList[0].vector = { 0.707, 0.707 }
eigenvectorList[1].vector = { 0.707, -0.707 }
Sorted eigenvectorList
eigenvectorList[0].eigenvalue = 4
eigenvectorList[1].eigenvalue = 6
eigenvectorList[0].vector = { 0.707, -0.707 }
eigenvectorList[1].vector = { 0.707, 0.707 }

/****************    Test Eigenvector 1   *********************/
2D Case from Kresig, p. 371f

Matrix to solve for eigenvectors is:
symmTensor - 
     -5           2     
      2          -2     
eigenvectorList[0].eigenvalue = -6
eigenvectorList[1].eigenvalue = -1
eigenvectorList[0].vector = { 0.89443, -0.44721 }
eigenvectorList[1].vector = { 0.44721, 0.89443 }

/****************    Test Eigenvector 2 	**********************/
Same test as above - but using Numerical Recipies function

eigenvectorList[0].eigenvalue = -6
eigenvectorList[1].eigenvalue = -1
eigenvectorList[0].vector = { 0.89443, -0.44721 }
eigenvectorList[1].vector = { 0.44721, 0.89443 }

/****************    Test Eigenvector 3   *********************/
3D Case -tested on 3/11/04, against: 
http://www.arndt-bruenner.de/mathe/scripts/engl_eigenwert.htm
Matrix to solve for eigenvectors is:
symmTensor - 
      2           7          11     
      7           3          13     
     11          13           5     
eigenvectorList[0].eigenvalue = -9.9685
eigenvectorList[1].eigenvalue = -4.4597
eigenvectorList[2].eigenvalue = 24.428
eigenvectorList[0].vector = { 0.3641, 0.55398, -0.74869 }
eigenvectorList[1].vector = { 0.78647, -0.61348, -0.071456 }
eigenvectorList[2].vector = { 0.49889, 0.56281, 0.65906 }

/****************    Test Eigenvector 4   *********************/
Same test as above - but using Numerical Recipies function

eigenvectorList[0].eigenvalue = -9.9685
eigenvectorList[1].eigenvalue = -4.4597
eigenvectorList[2].eigenvalue = 24.428
eigenvectorList[0].vector = { -0.3641, -0.55398, 0.74869 }
eigenvectorList[1].vector = { 0.78647, -0.61348, -0.071456 }
eigenvectorList[2].vector = { 0.49889, 0.56281, 0.65906 }

tensorArray - 
     10          11     
     12          13     
rightHandSide = { 24, 35 }
solution = { 36.5, -31 }
tensorArray - 
     10          11          12     
     13          14          15     
     16          17          19     
rightHandSide = { 24, 35, 45 }
solution = { 15.333, -10.667, -1 }
