StGermain Framework revision 3605. Copyright (C) 2003-2005 VPAC.
CompositeVC (ptr): 0x806c7a8
	dictionary (ptr): 0x805d4c0
	itemCount: 6
	itemTbl (ptr): 0x806cab0
		itemTbl[0] (ptr): 0x80623a8
		itemTbl[1] (ptr): 0x80626c8
		itemTbl[2] (ptr): 0x8062a08
		itemTbl[3] (ptr): 0x8062d28
		itemTbl[4] (ptr): 0x8063048
		itemTbl[5] (ptr): 0x80633c0
	iOwnTbl (ptr): 0x806cae0
		iOwnTbl[0]: True
		iOwnTbl[1]: True
		iOwnTbl[2]: True
		iOwnTbl[3]: True
		iOwnTbl[4]: True
		iOwnTbl[5]: True
	_size: 8
	_delta: 8
VariableCondition (ptr): 0x806c7a8
Stg_Component (ptr): 0x806c7a8
Stg_Object (ptr): 0x806c7a8
	Stg_Class (ptr): 0x806c7a8
		sizeOfSelf: 204
		_deleteSelf: Yes
		type: CompositeVC
		_delete (func ptr): 0xb7e7bf88
		_print (func ptr): 0xb7e7c057
		_copy (func ptr): 0xb7e7c244
	name: CompositeVC
	nameAllocationType: NON_GLOBAL
	_defaultConstructor (func ptr): 0xb7e7b81d
	_construct (func ptr): 0xb7e7bde9
	_build (func ptr): 0xb7e7c615
	_initialise (func ptr): 0xb7e79de2
	_execute (func ptr): 0xb7e79ea6
	_destroy (func ptr): 0xb7e79ed6
	isConstructed: True
	isBuilt: True
	isInitialised: False
	hasExecuted: False
	isDestroyed: False
	constructor function name: CompositeVC-Construct
	build function name: CompositeVC-Build
	initialise function name: CompositeVC-Initialise
	execute function name: CompositeVC-Execute
	destroy function name: CompositeVC-Destroy
	_getSet (func ptr): 0xb7e7c783
	_getVariableCount (func ptr): 0xb7e7c88a
	_getVariableIndex (func ptr): 0xb7e7ca1e
	_getValueIndex (func ptr): 0xb7e7cbda
	_getValueCount (func ptr): 0xb7e7cde4
	_getValue (func ptr): 0xb7e7ce58
	variable_Register (ptr): 0x806d730
	conFunc_Register (ptr): 0x805a9c0
	_set (ptr): 0x806d640
	indexCount: 26
	indexTbl (ptr): 0x8063dc0
		indexTbl[0]: 0
		indexTbl[1]: 1
		indexTbl[2]: 2
		indexTbl[3]: 3
		indexTbl[4]: 4
		indexTbl[5]: 5
		indexTbl[6]: 6
		indexTbl[7]: 7
		indexTbl[8]: 8
		indexTbl[9]: 9
		indexTbl[10]: 10
		indexTbl[11]: 11
		indexTbl[12]: 12
		indexTbl[13]: 14
		indexTbl[14]: 15
		indexTbl[15]: 16
		indexTbl[16]: 17
		indexTbl[17]: 18
		indexTbl[18]: 19
		indexTbl[19]: 20
		indexTbl[20]: 21
		indexTbl[21]: 22
		indexTbl[22]: 23
		indexTbl[23]: 24
		indexTbl[24]: 25
		indexTbl[25]: 26
	vcVarCountTbl (ptr): 0x8063e38
		vcVarCountTbl[0]: 4
		vcVarCountTbl[1]: 4
		vcVarCountTbl[2]: 4
		vcVarCountTbl[3]: 4
		vcVarCountTbl[4]: 1
		vcVarCountTbl[5]: 4
		vcVarCountTbl[6]: 4
		vcVarCountTbl[7]: 1
		vcVarCountTbl[8]: 4
		vcVarCountTbl[9]: 3
		vcVarCountTbl[10]: 3
		vcVarCountTbl[11]: 3
		vcVarCountTbl[12]: 3
		vcVarCountTbl[13]: 3
		vcVarCountTbl[14]: 4
		vcVarCountTbl[15]: 1
		vcVarCountTbl[16]: 4
		vcVarCountTbl[17]: 3
		vcVarCountTbl[18]: 3
		vcVarCountTbl[19]: 3
		vcVarCountTbl[20]: 3
		vcVarCountTbl[21]: 3
		vcVarCountTbl[22]: 3
		vcVarCountTbl[23]: 4
		vcVarCountTbl[24]: 4
		vcVarCountTbl[25]: 4
	vcTbl (ptr): 0x8063eb0
		vcTbl[0][0]:
			varIndex: 6
			valIndex: 3
		vcTbl[0][1]:
			varIndex: 3
			valIndex: 11
		vcTbl[0][2]:
			varIndex: 4
			valIndex: 12
		vcTbl[0][3]:
			varIndex: 5
			valIndex: 13
		vcTbl[1][0]:
			varIndex: 6
			valIndex: 3
		vcTbl[1][1]:
			varIndex: 3
			valIndex: 11
		vcTbl[1][2]:
			varIndex: 4
			valIndex: 12
		vcTbl[1][3]:
			varIndex: 5
			valIndex: 13
		vcTbl[2][0]:
			varIndex: 6
			valIndex: 3
		vcTbl[2][1]:
			varIndex: 3
			valIndex: 11
		vcTbl[2][2]:
			varIndex: 4
			valIndex: 12
		vcTbl[2][3]:
			varIndex: 5
			valIndex: 13
		vcTbl[3][0]:
			varIndex: 6
			valIndex: 3
		vcTbl[3][1]:
			varIndex: 3
			valIndex: 4
		vcTbl[3][2]:
			varIndex: 4
			valIndex: 5
		vcTbl[3][3]:
			varIndex: 5
			valIndex: 6
		vcTbl[4][0]:
			varIndex: 6
			valIndex: 3
		vcTbl[5][0]:
			varIndex: 6
			valIndex: 3
		vcTbl[5][1]:
			varIndex: 3
			valIndex: 7
		vcTbl[5][2]:
			varIndex: 4
			valIndex: 8
		vcTbl[5][3]:
			varIndex: 5
			valIndex: 9
		vcTbl[6][0]:
			varIndex: 6
			valIndex: 10
		vcTbl[6][1]:
			varIndex: 3
			valIndex: 4
		vcTbl[6][2]:
			varIndex: 4
			valIndex: 5
		vcTbl[6][3]:
			varIndex: 5
			valIndex: 6
		vcTbl[7][0]:
			varIndex: 6
			valIndex: 10
		vcTbl[8][0]:
			varIndex: 6
			valIndex: 10
		vcTbl[8][1]:
			varIndex: 3
			valIndex: 7
		vcTbl[8][2]:
			varIndex: 4
			valIndex: 8
		vcTbl[8][3]:
			varIndex: 5
			valIndex: 9
		vcTbl[9][0]:
			varIndex: 3
			valIndex: 11
		vcTbl[9][1]:
			varIndex: 4
			valIndex: 12
		vcTbl[9][2]:
			varIndex: 5
			valIndex: 13
		vcTbl[10][0]:
			varIndex: 3
			valIndex: 11
		vcTbl[10][1]:
			varIndex: 4
			valIndex: 12
		vcTbl[10][2]:
			varIndex: 5
			valIndex: 13
		vcTbl[11][0]:
			varIndex: 3
			valIndex: 11
		vcTbl[11][1]:
			varIndex: 4
			valIndex: 12
		vcTbl[11][2]:
			varIndex: 5
			valIndex: 13
		vcTbl[12][0]:
			varIndex: 3
			valIndex: 4
		vcTbl[12][1]:
			varIndex: 4
			valIndex: 5
		vcTbl[12][2]:
			varIndex: 5
			valIndex: 6
		vcTbl[13][0]:
			varIndex: 3
			valIndex: 7
		vcTbl[13][1]:
			varIndex: 4
			valIndex: 8
		vcTbl[13][2]:
			varIndex: 5
			valIndex: 9
		vcTbl[14][0]:
			varIndex: 3
			valIndex: 4
		vcTbl[14][1]:
			varIndex: 4
			valIndex: 5
		vcTbl[14][2]:
			varIndex: 5
			valIndex: 6
		vcTbl[14][3]:
			varIndex: 6
			valIndex: 10
		vcTbl[15][0]:
			varIndex: 6
			valIndex: 10
		vcTbl[16][0]:
			varIndex: 3
			valIndex: 7
		vcTbl[16][1]:
			varIndex: 4
			valIndex: 8
		vcTbl[16][2]:
			varIndex: 5
			valIndex: 9
		vcTbl[16][3]:
			varIndex: 6
			valIndex: 10
		vcTbl[17][0]:
			varIndex: 3
			valIndex: 11
		vcTbl[17][1]:
			varIndex: 4
			valIndex: 12
		vcTbl[17][2]:
			varIndex: 5
			valIndex: 13
		vcTbl[18][0]:
			varIndex: 3
			valIndex: 11
		vcTbl[18][1]:
			varIndex: 4
			valIndex: 12
		vcTbl[18][2]:
			varIndex: 5
			valIndex: 13
		vcTbl[19][0]:
			varIndex: 3
			valIndex: 11
		vcTbl[19][1]:
			varIndex: 4
			valIndex: 12
		vcTbl[19][2]:
			varIndex: 5
			valIndex: 13
		vcTbl[20][0]:
			varIndex: 3
			valIndex: 4
		vcTbl[20][1]:
			varIndex: 4
			valIndex: 5
		vcTbl[20][2]:
			varIndex: 5
			valIndex: 6
		vcTbl[21][0]:
			varIndex: 3
			valIndex: 0
		vcTbl[21][1]:
			varIndex: 4
			valIndex: 1
		vcTbl[21][2]:
			varIndex: 5
			valIndex: 2
		vcTbl[22][0]:
			varIndex: 3
			valIndex: 7
		vcTbl[22][1]:
			varIndex: 4
			valIndex: 8
		vcTbl[22][2]:
			varIndex: 5
			valIndex: 9
		vcTbl[23][0]:
			varIndex: 3
			valIndex: 4
		vcTbl[23][1]:
			varIndex: 4
			valIndex: 5
		vcTbl[23][2]:
			varIndex: 5
			valIndex: 6
		vcTbl[23][3]:
			varIndex: 6
			valIndex: 10
		vcTbl[24][0]:
			varIndex: 3
			valIndex: 0
		vcTbl[24][1]:
			varIndex: 4
			valIndex: 1
		vcTbl[24][2]:
			varIndex: 5
			valIndex: 2
		vcTbl[24][3]:
			varIndex: 6
			valIndex: 10
		vcTbl[25][0]:
			varIndex: 3
			valIndex: 7
		vcTbl[25][1]:
			varIndex: 4
			valIndex: 8
		vcTbl[25][2]:
			varIndex: 5
			valIndex: 9
		vcTbl[25][3]:
			varIndex: 6
			valIndex: 10
	valueCount: 14
	valueTbl (ptr): 0x80641c8
		valueTbl[0]:
			type: VC_ValueType_Double
			asDouble: 2
		valueTbl[1]:
			type: VC_ValueType_Double
			asDouble: 3
		valueTbl[2]:
			type: VC_ValueType_Double
			asDouble: 1
		valueTbl[3]:
			type: VC_ValueType_DoubleArray
			arraySize: 5
			asDoubleArray (ptr): 0x806d3d8
				asDoubleArray[0]: 5
				asDoubleArray[1]: 6
				asDoubleArray[2]: 7
				asDoubleArray[3]: 8
				asDoubleArray[4]: 9
		valueTbl[4]:
			type: VC_ValueType_CFIndex
			asCFIndex: 0
		valueTbl[5]:
			type: VC_ValueType_CFIndex
			asCFIndex: 0
		valueTbl[6]:
			type: VC_ValueType_CFIndex
			asCFIndex: 0
		valueTbl[7]:
			type: VC_ValueType_CFIndex
			asCFIndex: 1
		valueTbl[8]:
			type: VC_ValueType_CFIndex
			asCFIndex: 1
		valueTbl[9]:
			type: VC_ValueType_CFIndex
			asCFIndex: 1
		valueTbl[10]:
			type: VC_ValueType_DoubleArray
			arraySize: 5
			asDoubleArray (ptr): 0x8063388
				asDoubleArray[0]: 5
				asDoubleArray[1]: 6
				asDoubleArray[2]: 7
				asDoubleArray[3]: 8
				asDoubleArray[4]: 9
		valueTbl[11]:
			type: VC_ValueType_Double
			asDouble: 2
		valueTbl[12]:
			type: VC_ValueType_Double
			asDouble: 3
		valueTbl[13]:
			type: VC_ValueType_Double
			asDouble: 1


var[0]: 0.00, 0.00, 0.00, 0.00, 0.00, 0.00, 0.00, 0.00, 0.00, 0.00, 0.00, 0.00, 0.00, 0.00, 0.00, 0.00, 0.00, 0.00, 0.00, 0.00, 0.00, 0.00, 0.00, 0.00, 0.00, 0.00, 0.00
var[1]: 0.00, 0.00, 0.00, 0.00, 0.00, 0.00, 0.00, 0.00, 0.00, 0.00, 0.00, 0.00, 0.00, 0.00, 0.00, 0.00, 0.00, 0.00, 0.00, 0.00, 0.00, 0.00, 0.00, 0.00, 0.00, 0.00, 0.00
var[2]: 0.00, 0.00, 0.00, 0.00, 0.00, 0.00, 0.00, 0.00, 0.00, 0.00, 0.00, 0.00, 0.00, 0.00, 0.00, 0.00, 0.00, 0.00, 0.00, 0.00, 0.00, 0.00, 0.00, 0.00, 0.00, 0.00, 0.00
var[3]: 2.00, 2.00, 2.00, 20.00, 0.00, 30.00, 20.00, 0.00, 30.00, 2.00, 2.00, 2.00, 20.00, 0.00, 30.00, 20.00, 0.00, 30.00, 2.00, 2.00, 2.00, 20.00, 2.00, 30.00, 20.00, 2.00, 30.00
var[4]: 3.00, 3.00, 3.00, 20.00, 0.00, 30.00, 20.00, 0.00, 30.00, 3.00, 3.00, 3.00, 20.00, 0.00, 30.00, 20.00, 0.00, 30.00, 3.00, 3.00, 3.00, 20.00, 3.00, 30.00, 20.00, 3.00, 30.00
var[5]: 1.00, 1.00, 1.00, 20.00, 0.00, 30.00, 20.00, 0.00, 30.00, 1.00, 1.00, 1.00, 20.00, 0.00, 30.00, 20.00, 0.00, 30.00, 1.00, 1.00, 1.00, 20.00, 1.00, 30.00, 20.00, 1.00, 30.00
var[7]: 5.00, 6.00, 7.00, 8.00, 9.00, 5.00, 6.00, 7.00, 8.00, 9.00, 5.00, 6.00, 7.00, 8.00, 9.00, 5.00, 6.00, 7.00, 8.00, 9.00, 5.00, 6.00, 7.00, 8.00, 9.00, 5.00, 6.00, 7.00, 8.00, 9.00, 5.00, 6.00, 7.00, 8.00, 9.00, 5.00, 6.00, 7.00, 8.00, 9.00, 5.00, 6.00, 7.00, 8.00, 9.00, 0.00, 0.00, 0.00, 0.00, 0.00, 0.00, 0.00, 0.00, 0.00, 0.00, 0.00, 0.00, 0.00, 0.00, 0.00, 0.00, 0.00, 0.00, 0.00, 0.00, 0.00, 0.00, 0.00, 0.00, 0.00, 0.00, 0.00, 0.00, 0.00, 0.00, 5.00, 6.00, 7.00, 8.00, 9.00, 5.00, 6.00, 7.00, 8.00, 9.00, 5.00, 6.00, 7.00, 8.00, 9.00, 0.00, 0.00, 0.00, 0.00, 0.00, 0.00, 0.00, 0.00, 0.00, 0.00, 0.00, 0.00, 0.00, 0.00, 0.00, 0.00, 0.00, 0.00, 0.00, 0.00, 0.00, 0.00, 0.00, 0.00, 0.00, 0.00, 0.00, 0.00, 0.00, 0.00, 5.00, 6.00, 7.00, 8.00, 9.00, 5.00, 6.00, 7.00, 8.00, 9.00, 5.00, 6.00, 7.00, 8.00, 9.00

False False False False False False False False False False False False False False False False False False False False False False False False False False False 
False False False False False False False False False False False False False False False False False False False False False False False False False False False 
False False False False False False False False False False False False False False False False False False False False False False False False False False False 
True  True  True  True  False True  True  False True  True  True  True  True  False True  True  False True  True  True  True  True  True  True  True  True  True  
True  True  True  True  False True  True  False True  True  True  True  True  False True  True  False True  True  True  True  True  True  True  True  True  True  
True  True  True  True  False True  True  False True  True  True  True  True  False True  True  False True  True  True  True  True  True  True  True  True  True  
True  True  True  True  True  True  True  True  True  False False False False False False True  True  True  False False False False False False True  True  True  

XXX XXX XXX XXX XXX XXX XXX XXX XXX XXX XXX XXX XXX XXX XXX XXX XXX XXX XXX XXX XXX XXX XXX XXX XXX XXX XXX 
XXX XXX XXX XXX XXX XXX XXX XXX XXX XXX XXX XXX XXX XXX XXX XXX XXX XXX XXX XXX XXX XXX XXX XXX XXX XXX XXX 
XXX XXX XXX XXX XXX XXX XXX XXX XXX XXX XXX XXX XXX XXX XXX XXX XXX XXX XXX XXX XXX XXX XXX XXX XXX XXX XXX 
011 011 011 004 XXX 007 004 XXX 007 011 011 011 004 XXX 007 004 XXX 007 011 011 011 004 000 007 004 000 007 
012 012 012 005 XXX 008 005 XXX 008 012 012 012 005 XXX 008 005 XXX 008 012 012 012 005 001 008 005 001 008 
013 013 013 006 XXX 009 006 XXX 009 013 013 013 006 XXX 009 006 XXX 009 013 013 013 006 002 009 006 002 009 
003 003 003 003 003 003 010 010 010 XXX XXX XXX XXX XXX XXX 010 010 010 XXX XXX XXX XXX XXX XXX 010 010 010 

