StGermain Framework revision 3605. Copyright (C) 2003-2005 VPAC.
NamedObject_Register (ptr): 0x805ce00
	Stg_Class (ptr): 0x805ce00
		sizeOfSelf: 28
		_deleteSelf: Yes
		type: FieldVariable_Register_Type
		_delete (func ptr): 0xb7ef2dfa
		_print (func ptr): 0xb7ef2e31
		_copy (func ptr): (nil)
	Stg_ObjectList (ptr):0x805ce28
		Stg_Class (ptr): 0x805ce28
			sizeOfSelf: 96
			_deleteSelf: Yes
			type: Stg_ObjectList
			_delete (func ptr): 0xb7ef0f3e
			_print (func ptr): 0xb7ef0f75
			_copy (func ptr): 0xb7ef1217
		_append(func ptr): 0xb7ef1e7b
		_prepend(func ptr): 0xb7ef1f41
		_replaceAll(func ptr): 0xb7ef2005
		_replace(func ptr): 0xb7ef20be
		_insertBefore(func ptr): 0xb7ef225b
		_insertAfter(func ptr): 0xb7ef2416
		_remove(func ptr): 0xb7ef25d3
		_getIndex(func ptr): 0xb7ef2679
		_get(func ptr): 0xb7ef2727
		_allocMoreMemory(func ptr): 0xb7ef28fa
		_insertAtIndex(func ptr): 0xb7ef2980
		_removeByIndex(func ptr): 0xb7ef29fe
		_deleteAllObjects(func ptr): 0xb7ef287b
		_size: 8
		_delta: 8
		_noJournalingInCopy: 0
		count: 3
		data[0-3]:
		Stg_Component (ptr): 0x805cec8
		Stg_Object (ptr): 0x805cec8
			Stg_Class (ptr): 0x805cec8
				sizeOfSelf: 136
				_deleteSelf: Yes
				type: FieldVariable
				_delete (func ptr): 0x8048d88
				_print (func ptr): 0x8048bd8
				_copy (func ptr): (nil)
			name: testFV1
			nameAllocationType: NON_GLOBAL
			_defaultConstructor (func ptr): 0x8048c58
			_construct (func ptr): 0x8048cd8
			_build (func ptr): 0x8048da8
			_initialise (func ptr): 0x8048c38
			_execute (func ptr): 0x8048d78
			_destroy (func ptr): 0x8048d58
			isConstructed: True
			isBuilt: False
			isInitialised: False
			hasExecuted: False
			isDestroyed: False
			constructor function name: testFV1-Construct
			build function name: testFV1-Build
			initialise function name: testFV1-Initialise
			execute function name: testFV1-Execute
			destroy function name: testFV1-Destroy
		Stg_Component (ptr): 0x805d2c0
		Stg_Object (ptr): 0x805d2c0
			Stg_Class (ptr): 0x805d2c0
				sizeOfSelf: 136
				_deleteSelf: Yes
				type: FieldVariable
				_delete (func ptr): 0x8048d88
				_print (func ptr): 0x8048bd8
				_copy (func ptr): (nil)
			name: testFV2
			nameAllocationType: NON_GLOBAL
			_defaultConstructor (func ptr): 0x8048c58
			_construct (func ptr): 0x8048cd8
			_build (func ptr): 0x8048da8
			_initialise (func ptr): 0x8048c38
			_execute (func ptr): 0x8048d78
			_destroy (func ptr): 0x8048d58
			isConstructed: True
			isBuilt: False
			isInitialised: False
			hasExecuted: False
			isDestroyed: False
			constructor function name: testFV2-Construct
			build function name: testFV2-Build
			initialise function name: testFV2-Initialise
			execute function name: testFV2-Execute
			destroy function name: testFV2-Destroy
		Stg_Component (ptr): 0x805d6b8
		Stg_Object (ptr): 0x805d6b8
			Stg_Class (ptr): 0x805d6b8
				sizeOfSelf: 136
				_deleteSelf: Yes
				type: FieldVariable
				_delete (func ptr): 0x8048d88
				_print (func ptr): 0x8048bd8
				_copy (func ptr): (nil)
			name: testFV3
			nameAllocationType: NON_GLOBAL
			_defaultConstructor (func ptr): 0x8048c58
			_construct (func ptr): 0x8048cd8
			_build (func ptr): 0x8048da8
			_initialise (func ptr): 0x8048c38
			_execute (func ptr): 0x8048d78
			_destroy (func ptr): 0x8048d58
			isConstructed: True
			isBuilt: False
			isInitialised: False
			hasExecuted: False
			isDestroyed: False
			constructor function name: testFV3-Construct
			build function name: testFV3-Build
			initialise function name: testFV3-Initialise
			execute function name: testFV3-Execute
			destroy function name: testFV3-Destroy

Index of fieldVar named "testFV2" = 1
Index 1 -> fieldVar with name "testFV2"
Searching directly using name "testFV2" -> fieldVar with name "testFV2"

