	MemMonitor(test): Current total: 3037bytes, dt(66%):
	2000bytes (max), 2000bytes (min), 00bytes (ave)
b, Total:2000, 
	MemMonitor(test): Current total: 103137bytes, dt(97%):
	100100bytes (max), 100100bytes (min), 00bytes (ave)
d, Total:100000, 
	MemMonitor(test): Current total: 22037bytes, dt(91%):
	20000bytes (max), 20000bytes (min), 00bytes (ave)
e, Total:10000, 
f, Total:10000, 
