StGermain Framework. Copyright (C) 2003-2005 VPAC.
Watching rank: 1
cellPointTbl  [ 0][0-8]:
	{0 8 0}
	{150 8 0}
	{0 12 0}
	{150 12 0}
	{0 8 150}
	{150 8 150}
	{0 12 150}
	{150 12 150}

Testing if test particle at (75.000000,10.000000,75.000000) is in the cell: 1

Testing if test particle at (1.000000,13.000000,151.000000) is in the cell: 0

cellPointTbl  [ 1][0-8]:
	{150 8 0}
	{300 8 0}
	{150 12 0}
	{300 12 0}
	{150 8 150}
	{300 8 150}
	{150 12 150}
	{300 12 150}

Testing if test particle at (225.000000,10.000000,75.000000) is in the cell: 1

Testing if test particle at (151.000000,13.000000,151.000000) is in the cell: 0

cellPointTbl  [ 2][0-8]:
	{0 8 150}
	{150 8 150}
	{0 12 150}
	{150 12 150}
	{0 8 300}
	{150 8 300}
	{0 12 300}
	{150 12 300}

Testing if test particle at (75.000000,10.000000,225.000000) is in the cell: 1

Testing if test particle at (1.000000,13.000000,301.000000) is in the cell: 0

cellPointTbl  [ 3][0-8]:
	{150 8 150}
	{300 8 150}
	{150 12 150}
	{300 12 150}
	{150 8 300}
	{300 8 300}
	{150 12 300}
	{300 12 300}

Testing if test particle at (225.000000,10.000000,225.000000) is in the cell: 1

Testing if test particle at (151.000000,13.000000,301.000000) is in the cell: 0

