StGermain Framework revision 3605. Copyright (C) 2003-2005 VPAC.
Watching rank: 0
WithinShapeParticleLayout (ptr): 0x8062708:
	SpaceFillerParticleLayout (ptr): 0x8062708:
		GlobalParticleLayout (ptr): 0x8062708
		ParticleLayout (ptr): 0x8062708
		Stg_Class (ptr): 0x8062708
			sizeOfSelf: 148
			_deleteSelf: Yes
			type: WithinShapeParticleLayout
			_delete (func ptr): 0xb7f63e9f
			_print (func ptr): 0xb7f63ec8
			_copy (func ptr): 0xb7f63f42
			_setInitialCounts (func ptr): 0xb7f54e93
			_initialiseParticles (func ptr): 0xb7f64169
			coordSystem: GlobalCoordSystem
			weightsInitialisedAtStartup : False
			_initialiseParticle (func ptr): 0xb7f5ce1e
			totalInitialParticles: 10
			averageInitialParticlesPerCell: 1.25
		self->dim = 3
	Stg_Component (ptr): 0x8062458
	Stg_Object (ptr): 0x8062458
		Stg_Class (ptr): 0x8062458
			sizeOfSelf: 224
			_deleteSelf: Yes
			type: Sphere
			_delete (func ptr): 0xb7edde5d
			_print (func ptr): 0xb7edde86
			_copy (func ptr): 0xb7eddeb6
		name: testSphere
		nameAllocationType: NON_GLOBAL
		_defaultConstructor (func ptr): 0xb7eddf13
		_construct (func ptr): 0xb7eddfb8
		_build (func ptr): 0xb7ede026
		_initialise (func ptr): 0xb7ede056
		_execute (func ptr): 0xb7ede086
		_destroy (func ptr): 0xb7ede0b6
		isConstructed: True
		isBuilt: False
		isInitialised: False
		hasExecuted: False
		isDestroyed: False
		constructor function name: testSphere-Construct
		build function name: testSphere-Build
		initialise function name: testSphere-Initialise
		execute function name: testSphere-Execute
		destroy function name: testSphere-Destroy
	Stg_Shape (ptr): (0x8062458)
	self->_isCoordInside = (ptr)0xb7ede0e6
Printing coords of all local particles, cell-by-cell:
	Local Cell   0:
	Local Cell   1:
		part. InCell   0 (local index      1): (0.47058, 0.49744, 0.52234)
		part. InCell   1 (local index      2): (0.49191, 0.48135, 0.53531)
		part. InCell   2 (local index      3): (0.47269, 0.49191, 0.48593)
	Local Cell   2:
	Local Cell   3:
		part. InCell   0 (local index      0): (0.49976, 0.50269, 0.49487)
		part. InCell   1 (local index      4): (0.46072, 0.52487, 0.49155)
