Watching rank: 0
entryPoint->hooks->_size: 8
entryPoint->hooks->count: 0
entryPoint->hooks->_size: 16
entryPoint->hooks->count: 9
entryPoint->hooks->data[0]->name: Test0
entryPoint->hooks->data[1]->name: Test1
entryPoint->hooks->data[2]->name: Test4
entryPoint->hooks->data[3]->name: Test6
entryPoint->hooks->data[4]->name: Test2
entryPoint->hooks->data[5]->name: Test7
entryPoint->hooks->data[6]->name: Test3
entryPoint->hooks->data[7]->name: Test9
entryPoint->hooks->data[8]->name: Test8
This is Test0
This is Test1
This is Test4
This is Test6
This is Test2
This is Test7
This is Test3
This is Test9
This is Test8
about to purge E.P:
entryPoint->hooks->_size: 16
entryPoint->hooks->count: 0
