Stg_Class (ptr): 0x806a478
	sizeOfSelf: 52
	_deleteSelf: Yes
	type: List
	_delete (func ptr): 0x805787d
	_print (func ptr): 0x80578bd
	_copy (func ptr): (nil)
List (ptr): (0x806a478)
	elementSize: 4
	delta: 10
	maxElements: 100
	elementCnt: 100
	elements (ptr): 0x806a4b0
List Data:
	elements[0]: 100
	elements[1]: 99
	elements[2]: 98
	elements[3]: 97
	elements[4]: 96
	elements[5]: 95
	elements[6]: 94
	elements[7]: 93
	elements[8]: 92
	elements[9]: 91
	elements[10]: 90
	elements[11]: 89
	elements[12]: 88
	elements[13]: 87
	elements[14]: 86
	elements[15]: 85
	elements[16]: 84
	elements[17]: 83
	elements[18]: 82
	elements[19]: 81
	elements[20]: 80
	elements[21]: 79
	elements[22]: 78
	elements[23]: 77
	elements[24]: 76
	elements[25]: 75
	elements[26]: 74
	elements[27]: 73
	elements[28]: 72
	elements[29]: 71
	elements[30]: 70
	elements[31]: 69
	elements[32]: 68
	elements[33]: 67
	elements[34]: 66
	elements[35]: 65
	elements[36]: 64
	elements[37]: 63
	elements[38]: 62
	elements[39]: 61
	elements[40]: 60
	elements[41]: 59
	elements[42]: 58
	elements[43]: 57
	elements[44]: 56
	elements[45]: 55
	elements[46]: 54
	elements[47]: 53
	elements[48]: 52
	elements[49]: 51
	elements[50]: 50
	elements[51]: 49
	elements[52]: 48
	elements[53]: 47
	elements[54]: 46
	elements[55]: 45
	elements[56]: 44
	elements[57]: 43
	elements[58]: 42
	elements[59]: 41
	elements[60]: 40
	elements[61]: 39
	elements[62]: 38
	elements[63]: 37
	elements[64]: 36
	elements[65]: 35
	elements[66]: 34
	elements[67]: 33
	elements[68]: 32
	elements[69]: 31
	elements[70]: 30
	elements[71]: 29
	elements[72]: 28
	elements[73]: 27
	elements[74]: 26
	elements[75]: 25
	elements[76]: 24
	elements[77]: 23
	elements[78]: 22
	elements[79]: 21
	elements[80]: 20
	elements[81]: 19
	elements[82]: 18
	elements[83]: 17
	elements[84]: 16
	elements[85]: 15
	elements[86]: 14
	elements[87]: 13
	elements[88]: 12
	elements[89]: 11
	elements[90]: 10
	elements[91]: 9
	elements[92]: 8
	elements[93]: 7
	elements[94]: 6
	elements[95]: 5
	elements[96]: 4
	elements[97]: 3
	elements[98]: 2
	elements[99]: 1
