Dictionary:
	size: 10
	delta: 5
	count: 5
	entryPtr[0-5]: {
		test_dict_string: "hello"
		test_dict_double: 45.567
		test_dict_string: "goodbye"
		test_dict_string: "hello"
		test_dict_string2: "hello"
	}
Dictionary 2:
	size: 10
	delta: 5
	count: 3
	entryPtr[0-3]: {
		test_dict_string: "hello"
		test_dict_double: 45.567
		test_dict_stuff: "hello"
	}
Component dictionary must have unique names
Error found in dictionary (ptr) 0x80580c8:
The following keys were repeated:
	"test_dict_string"
	"test_dict_string"
	"test_dict_string"
Error in CheckDictionaryKeys with 3 entries in dictionary keys
