In: StGermain_Init
Watching rank: 0
In: StGermain_Finalise
